******************************************************************************
                  TI ARM Linker PC v20.2.4                     
******************************************************************************
>> Linked Tue Mar  7 08:52:25 2023

OUTPUT FILE NAME:   <08-ice-UART.out>
ENTRY POINT SYMBOL: "_c_int00_noargs"  address: 000007fd


MEMORY CONFIGURATION

         name            origin    length      used     unused   attr    fill
----------------------  --------  ---------  --------  --------  ----  --------
  MAIN                  00000000   00040000  000008a0  0003f760  R  X
  INFO                  00200000   00004000  00000000  00004000  R  X
  SRAM_CODE             01000000   00010000  0000025c  0000fda4  RW X
  SRAM_DATA             20000000   00010000  0000025c  0000fda4  RW  


SEGMENT ALLOCATION MAP

run origin  load origin   length   init length attrs members
----------  ----------- ---------- ----------- ----- -------
00000000    00000000    000008a0   000008a0    r-x
  00000000    00000000    000000e4   000000e4    r-- .intvecs
  000000e4    000000e4    0000078c   0000078c    r-x .text
  00000870    00000870    00000030   00000030    r-- .cinit
20000000    20000000    0000005c   00000000    rw-
  20000000    20000000    00000050   00000000    rw- .bss
  20000050    20000050    0000000c   00000000    rw- .data
2000fe00    2000fe00    00000200   00000000    rw-
  2000fe00    2000fe00    00000200   00000000    rw- .stack


SECTION ALLOCATION MAP

 output                                  attributes/
section   page    origin      length       input sections
--------  ----  ----------  ----------   ----------------
.intvecs   0    00000000    000000e4     
                  00000000    000000e4     startup_msp432p401r_ccs.obj (.intvecs:retain)

.text      0    000000e4    0000078c     
                  000000e4    00000354     system_msp432p401r.obj (.text)
                  00000438    00000128     serial_debug.obj (.text)
                  00000560    000000d8     main.obj (.text)
                  00000638    0000009c     rtsv7M4_T_le_v4SPD16_eabi.lib : memcpy_t2.asm.obj (.text)
                  000006d4    0000007a                                   : memset_t2.asm.obj (.text)
                  0000074e    00000068                                   : copy_decompress_lzss.c.obj (.text:decompress:lzss:__TI_decompress_lzss)
                  000007b6    00000002     --HOLE-- [fill = 0]
                  000007b8    00000044                                   : autoinit.c.obj (.text:__TI_auto_init_nobinit_nopinit:__TI_auto_init_nobinit_nopinit)
                  000007fc    00000034                                   : boot_cortex_m.c.obj (.text:_c_int00_noargs:_c_int00_noargs)
                  00000830    0000001c                                   : copy_zero_init.c.obj (.text:decompress:ZI:__TI_zero_init_nomemset:__TI_zero_init_nomemset)
                  0000084c    0000000e                                   : copy_decompress_none.c.obj (.text:decompress:none:__TI_decompress_none)
                  0000085a    0000000e     startup_msp432p401r_ccs.obj (.text)
                  00000868    00000004     rtsv7M4_T_le_v4SPD16_eabi.lib : pre_init.c.obj (.text:_system_pre_init)
                  0000086c    00000004                                   : exit.c.obj (.text:abort:abort)

.cinit     0    00000870    00000030     
                  00000870    0000000c     (__TI_handler_table)
                  0000087c    0000000a     (.cinit..data.load) [load image, compression = lzss]
                  00000886    00000002     --HOLE-- [fill = 0]
                  00000888    00000008     (.cinit..bss.load) [load image, compression = zero_init]
                  00000890    00000010     (__TI_cinit_table)

.init_array 
*          0    00000000    00000000     UNINITIALIZED

.binit     0    00000000    00000000     

.bss       0    20000000    00000050     UNINITIALIZED
                  20000000    00000050     (.common:message)

.data      0    20000050    0000000c     UNINITIALIZED
                  20000050    00000005     serial_debug.obj (.data)
                  20000055    00000003     --HOLE--
                  20000058    00000004     system_msp432p401r.obj (.data)

.stack     0    2000fe00    00000200     UNINITIALIZED
                  2000fe00    00000004     rtsv7M4_T_le_v4SPD16_eabi.lib : boot_cortex_m.c.obj (.stack)
                  2000fe04    000001fc     --HOLE--

__llvm_prf_cnts 
*          0    20000000    00000000     UNINITIALIZED

MODULE SUMMARY

       Module                        code   ro data   rw data
       ------                        ----   -------   -------
    .\
       system_msp432p401r.obj        852    0         8      
       serial_debug.obj              296    0         170    
       startup_msp432p401r_ccs.obj   14     228       0      
       main.obj                      216    0         0      
    +--+-----------------------------+------+---------+---------+
       Total:                        1378   228       178    
                                                             
    C:\ProgramData\App-V\883E8076-D99D-4911-93C4-940332A6BE1F\BFE39798-EFFD-4CAF-929B-E5A85FC35347\Root\ccs\tools\compiler\ti-cgt-arm_20.2.4.LTS\lib\rtsv7M4_T_le_v4SPD16_eabi.lib
       memcpy_t2.asm.obj             156    0         0      
       memset_t2.asm.obj             122    0         0      
       copy_decompress_lzss.c.obj    104    0         0      
       autoinit.c.obj                68     0         0      
       boot_cortex_m.c.obj           52     0         0      
       copy_zero_init.c.obj          28     0         0      
       copy_decompress_none.c.obj    14     0         0      
       exit.c.obj                    4      0         0      
       pre_init.c.obj                4      0         0      
    +--+-----------------------------+------+---------+---------+
       Total:                        552    0         0      
                                                             
       Stack:                        0      0         1024   
       Linker Generated:             0      46        0      
    +--+-----------------------------+------+---------+---------+
       Grand Total:                  1930   274       1202   


LINKER GENERATED COPY TABLES

__TI_cinit_table @ 00000890 records: 2, size/record: 8, table size: 16
	.data: load addr=0000087c, load size=0000000a bytes, run addr=20000050, run size=0000000c bytes, compression=lzss
	.bss: load addr=00000888, load size=00000008 bytes, run addr=20000000, run size=00000050 bytes, compression=zero_init


LINKER GENERATED HANDLER TABLE

__TI_handler_table @ 00000870 records: 3, size/record: 4, table size: 12
	index: 0, handler: __TI_decompress_lzss
	index: 1, handler: __TI_decompress_none
	index: 2, handler: __TI_zero_init


GLOBAL SYMBOLS: SORTED ALPHABETICALLY BY Name 

address   name                          
-------   ----                          
00000867  ADC14_IRQHandler              
00000867  AES256_IRQHandler             
00000867  BusFault_Handler              
0000086d  C$$EXIT                       
00000867  COMP_E0_IRQHandler            
00000867  COMP_E1_IRQHandler            
00000867  CS_IRQHandler                 
00000867  DMA_ERR_IRQHandler            
00000867  DMA_INT0_IRQHandler           
00000867  DMA_INT1_IRQHandler           
00000867  DMA_INT2_IRQHandler           
00000867  DMA_INT3_IRQHandler           
00000867  DebugMon_Handler              
00000867  Default_Handler               
000004eb  EUSCIA0_IRQHandler            
000004eb  EUSCIA0_IRQHandler            
00000867  EUSCIA1_IRQHandler            
00000867  EUSCIA2_IRQHandler            
00000867  EUSCIA3_IRQHandler            
00000867  EUSCIB0_IRQHandler            
00000867  EUSCIB1_IRQHandler            
00000867  EUSCIB2_IRQHandler            
00000867  EUSCIB3_IRQHandler            
00000867  FLCTL_IRQHandler              
00000867  FPU_IRQHandler                
00000867  HardFault_Handler             
00000867  MemManage_Handler             
00000867  NMI_Handler                   
00000867  PCM_IRQHandler                
00000867  PORT1_IRQHandler              
00000867  PORT2_IRQHandler              
00000867  PORT3_IRQHandler              
00000867  PORT4_IRQHandler              
00000867  PORT5_IRQHandler              
00000867  PORT6_IRQHandler              
00000867  PSS_IRQHandler                
00000867  PendSV_Handler                
00000867  RTC_C_IRQHandler              
0000085b  Reset_Handler                 
00000867  SVC_Handler                   
00000867  SysTick_Handler               
20000058  SystemCoreClock               
000000e5  SystemCoreClockUpdate         
0000035d  SystemInit                    
00000867  T32_INT1_IRQHandler           
00000867  T32_INT2_IRQHandler           
00000867  T32_INTC_IRQHandler           
00000867  TA0_0_IRQHandler              
00000867  TA0_N_IRQHandler              
00000867  TA1_0_IRQHandler              
00000867  TA1_N_IRQHandler              
00000867  TA2_0_IRQHandler              
00000867  TA2_N_IRQHandler              
00000867  TA3_0_IRQHandler              
00000867  TA3_N_IRQHandler              
00000867  UsageFault_Handler            
4000480c  WDTCTL_SYM                    
00000867  WDT_A_IRQHandler              
20010000  __STACK_END                   
00000200  __STACK_SIZE                  
00000890  __TI_CINIT_Base               
000008a0  __TI_CINIT_Limit              
00000870  __TI_Handler_Table_Base       
0000087c  __TI_Handler_Table_Limit      
000007b9  __TI_auto_init_nobinit_nopinit
0000074f  __TI_decompress_lzss          
0000084d  __TI_decompress_none          
ffffffff  __TI_pprof_out_hndl           
ffffffff  __TI_prof_data_size           
ffffffff  __TI_prof_data_start          
00000000  __TI_static_base__            
00000831  __TI_zero_init_nomemset       
000006d5  __aeabi_memclr                
000006d5  __aeabi_memclr4               
000006d5  __aeabi_memclr8               
00000639  __aeabi_memcpy                
00000639  __aeabi_memcpy4               
00000639  __aeabi_memcpy8               
000006d7  __aeabi_memset                
000006d7  __aeabi_memset4               
000006d7  __aeabi_memset8               
ffffffff  __binit__                     
ffffffff  __c_args__                    
UNDEFED   __mpu_init                    
2000fe00  __stack                       
20000000  __start___llvm_prf_cnts       
20000000  __stop___llvm_prf_cnts        
000007fd  _c_int00_noargs               
UNDEFED   _system_post_cinit            
00000869  _system_pre_init              
0000086d  abort                         
ffffffff  binit                         
20000050  charsReceived                 
00000000  interruptVectors              
00000561  main                          
00000639  memcpy                        
000006dd  memset                        
20000000  message                       
00000465  serial_debug_init             
000004c1  serial_debug_put_string       
20000054  stringReady                   


GLOBAL SYMBOLS: SORTED BY Symbol Address 

address   name                          
-------   ----                          
00000000  __TI_static_base__            
00000000  interruptVectors              
000000e5  SystemCoreClockUpdate         
00000200  __STACK_SIZE                  
0000035d  SystemInit                    
00000465  serial_debug_init             
000004c1  serial_debug_put_string       
000004eb  EUSCIA0_IRQHandler            
000004eb  EUSCIA0_IRQHandler            
00000561  main                          
00000639  __aeabi_memcpy                
00000639  __aeabi_memcpy4               
00000639  __aeabi_memcpy8               
00000639  memcpy                        
000006d5  __aeabi_memclr                
000006d5  __aeabi_memclr4               
000006d5  __aeabi_memclr8               
000006d7  __aeabi_memset                
000006d7  __aeabi_memset4               
000006d7  __aeabi_memset8               
000006dd  memset                        
0000074f  __TI_decompress_lzss          
000007b9  __TI_auto_init_nobinit_nopinit
000007fd  _c_int00_noargs               
00000831  __TI_zero_init_nomemset       
0000084d  __TI_decompress_none          
0000085b  Reset_Handler                 
00000867  ADC14_IRQHandler              
00000867  AES256_IRQHandler             
00000867  BusFault_Handler              
00000867  COMP_E0_IRQHandler            
00000867  COMP_E1_IRQHandler            
00000867  CS_IRQHandler                 
00000867  DMA_ERR_IRQHandler            
00000867  DMA_INT0_IRQHandler           
00000867  DMA_INT1_IRQHandler           
00000867  DMA_INT2_IRQHandler           
00000867  DMA_INT3_IRQHandler           
00000867  DebugMon_Handler              
00000867  Default_Handler               
00000867  EUSCIA1_IRQHandler            
00000867  EUSCIA2_IRQHandler            
00000867  EUSCIA3_IRQHandler            
00000867  EUSCIB0_IRQHandler            
00000867  EUSCIB1_IRQHandler            
00000867  EUSCIB2_IRQHandler            
00000867  EUSCIB3_IRQHandler            
00000867  FLCTL_IRQHandler              
00000867  FPU_IRQHandler                
00000867  HardFault_Handler             
00000867  MemManage_Handler             
00000867  NMI_Handler                   
00000867  PCM_IRQHandler                
00000867  PORT1_IRQHandler              
00000867  PORT2_IRQHandler              
00000867  PORT3_IRQHandler              
00000867  PORT4_IRQHandler              
00000867  PORT5_IRQHandler              
00000867  PORT6_IRQHandler              
00000867  PSS_IRQHandler                
00000867  PendSV_Handler                
00000867  RTC_C_IRQHandler              
00000867  SVC_Handler                   
00000867  SysTick_Handler               
00000867  T32_INT1_IRQHandler           
00000867  T32_INT2_IRQHandler           
00000867  T32_INTC_IRQHandler           
00000867  TA0_0_IRQHandler              
00000867  TA0_N_IRQHandler              
00000867  TA1_0_IRQHandler              
00000867  TA1_N_IRQHandler              
00000867  TA2_0_IRQHandler              
00000867  TA2_N_IRQHandler              
00000867  TA3_0_IRQHandler              
00000867  TA3_N_IRQHandler              
00000867  UsageFault_Handler            
00000867  WDT_A_IRQHandler              
00000869  _system_pre_init              
0000086d  C$$EXIT                       
0000086d  abort                         
00000870  __TI_Handler_Table_Base       
0000087c  __TI_Handler_Table_Limit      
00000890  __TI_CINIT_Base               
000008a0  __TI_CINIT_Limit              
20000000  __start___llvm_prf_cnts       
20000000  __stop___llvm_prf_cnts        
20000000  message                       
20000050  charsReceived                 
20000054  stringReady                   
20000058  SystemCoreClock               
2000fe00  __stack                       
20010000  __STACK_END                   
4000480c  WDTCTL_SYM                    
ffffffff  __TI_pprof_out_hndl           
ffffffff  __TI_prof_data_size           
ffffffff  __TI_prof_data_start          
ffffffff  __binit__                     
ffffffff  __c_args__                    
ffffffff  binit                         
UNDEFED   __mpu_init                    
UNDEFED   _system_post_cinit            

[101 symbols]
