******************************************************************************
                  TI ARM Linker PC v20.2.4                     
******************************************************************************
>> Linked Thu Mar 23 08:50:45 2023

OUTPUT FILE NAME:   <11-ice-spi-lcd.out>
ENTRY POINT SYMBOL: "_c_int00_noargs"  address: 00000b1d


MEMORY CONFIGURATION

         name            origin    length      used     unused   attr    fill
----------------------  --------  ---------  --------  --------  ----  --------
  MAIN                  00000000   00040000  00000eae  0003f152  R  X
  INFO                  00200000   00004000  00000000  00004000  R  X
  SRAM_CODE             01000000   00010000  00000204  0000fdfc  RW X
  SRAM_DATA             20000000   00010000  00000204  0000fdfc  RW  


SEGMENT ALLOCATION MAP

run origin  load origin   length   init length attrs members
----------  ----------- ---------- ----------- ----- -------
00000000    00000000    00000eb0   00000eb0    r-x
  00000000    00000000    000000e4   000000e4    r-- .intvecs
  000000e4    000000e4    00000a90   00000a90    r-x .text
  00000b74    00000b74    00000322   00000322    r-- .const
  00000e98    00000e98    00000018   00000018    r-- .cinit
20000000    20000000    00000004   00000000    rw-
  20000000    20000000    00000004   00000000    rw- .data
2000fe00    2000fe00    00000200   00000000    rw-
  2000fe00    2000fe00    00000200   00000000    rw- .stack


SECTION ALLOCATION MAP

 output                                  attributes/
section   page    origin      length       input sections
--------  ----  ----------  ----------   ----------------
.intvecs   0    00000000    000000e4     
                  00000000    000000e4     startup_msp432p401r_ccs.obj (.intvecs:retain)

.text      0    000000e4    00000a90     
                  000000e4    0000055c     lcd.obj (.text)
                  00000640    00000354     system_msp432p401r.obj (.text)
                  00000994    0000009c     rtsv7M4_T_le_v4SPD16_eabi.lib : memcpy_t2.asm.obj (.text)
                  00000a30    00000068                                   : copy_decompress_lzss.c.obj (.text:decompress:lzss:__TI_decompress_lzss)
                  00000a98    00000044                                   : autoinit.c.obj (.text:__TI_auto_init_nobinit_nopinit:__TI_auto_init_nobinit_nopinit)
                  00000adc    00000040     main.obj (.text)
                  00000b1c    00000034     rtsv7M4_T_le_v4SPD16_eabi.lib : boot_cortex_m.c.obj (.text:_c_int00_noargs:_c_int00_noargs)
                  00000b50    0000000e                                   : copy_decompress_none.c.obj (.text:decompress:none:__TI_decompress_none)
                  00000b5e    0000000e     startup_msp432p401r_ccs.obj (.text)
                  00000b6c    00000004     rtsv7M4_T_le_v4SPD16_eabi.lib : pre_init.c.obj (.text:_system_pre_init)
                  00000b70    00000004                                   : exit.c.obj (.text:abort:abort)

.const     0    00000b74    00000322     
                  00000b74    00000320     image.obj (.const:.string:wisconsinBitmaps)
                  00000e94    00000002     image.obj (.const)

.cinit     0    00000e98    00000018     
                  00000e98    00000008     (.cinit..data.load) [load image, compression = lzss]
                  00000ea0    00000008     (__TI_handler_table)
                  00000ea8    00000008     (__TI_cinit_table)

.init_array 
*          0    00000000    00000000     UNINITIALIZED

.binit     0    00000000    00000000     

.data      0    20000000    00000004     UNINITIALIZED
                  20000000    00000004     system_msp432p401r.obj (.data)

.stack     0    2000fe00    00000200     UNINITIALIZED
                  2000fe00    00000004     rtsv7M4_T_le_v4SPD16_eabi.lib : boot_cortex_m.c.obj (.stack)
                  2000fe04    000001fc     --HOLE--

__llvm_prf_cnts 
*          0    20000000    00000000     UNINITIALIZED

MODULE SUMMARY

       Module                        code   ro data   rw data
       ------                        ----   -------   -------
    .\
       lcd.obj                       1372   0         0      
       system_msp432p401r.obj        852    0         8      
       image.obj                     0      802       0      
       startup_msp432p401r_ccs.obj   14     228       0      
       main.obj                      64     0         0      
    +--+-----------------------------+------+---------+---------+
       Total:                        2302   1030      8      
                                                             
    C:\ProgramData\App-V\883E8076-D99D-4911-93C4-940332A6BE1F\BFE39798-EFFD-4CAF-929B-E5A85FC35347\Root\ccs\tools\compiler\ti-cgt-arm_20.2.4.LTS\lib\rtsv7M4_T_le_v4SPD16_eabi.lib
       memcpy_t2.asm.obj             156    0         0      
       copy_decompress_lzss.c.obj    104    0         0      
       autoinit.c.obj                68     0         0      
       boot_cortex_m.c.obj           52     0         0      
       copy_decompress_none.c.obj    14     0         0      
       exit.c.obj                    4      0         0      
       pre_init.c.obj                4      0         0      
    +--+-----------------------------+------+---------+---------+
       Total:                        402    0         0      
                                                             
       Stack:                        0      0         1024   
       Linker Generated:             0      24        0      
    +--+-----------------------------+------+---------+---------+
       Grand Total:                  2704   1054      1032   


LINKER GENERATED COPY TABLES

__TI_cinit_table @ 00000ea8 records: 1, size/record: 8, table size: 8
	.data: load addr=00000e98, load size=00000008 bytes, run addr=20000000, run size=00000004 bytes, compression=lzss


LINKER GENERATED HANDLER TABLE

__TI_handler_table @ 00000ea0 records: 2, size/record: 4, table size: 8
	index: 0, handler: __TI_decompress_lzss
	index: 1, handler: __TI_decompress_none


GLOBAL SYMBOLS: SORTED ALPHABETICALLY BY Name 

address   name                            
-------   ----                            
00000b6b  ADC14_IRQHandler                
00000b6b  AES256_IRQHandler               
00000b6b  BusFault_Handler                
00000b71  C$$EXIT                         
00000b6b  COMP_E0_IRQHandler              
00000b6b  COMP_E1_IRQHandler              
00000b6b  CS_IRQHandler                   
0000027d  Crystalfontz128x128_Init        
000001bd  Crystalfontz128x128_SetDrawFrame
00000b6b  DMA_ERR_IRQHandler              
00000b6b  DMA_INT0_IRQHandler             
00000b6b  DMA_INT1_IRQHandler             
00000b6b  DMA_INT2_IRQHandler             
00000b6b  DMA_INT3_IRQHandler             
00000b6b  DebugMon_Handler                
00000b6b  Default_Handler                 
00000b6b  EUSCIA0_IRQHandler              
00000b6b  EUSCIA1_IRQHandler              
00000b6b  EUSCIA2_IRQHandler              
00000b6b  EUSCIA3_IRQHandler              
00000b6b  EUSCIB0_IRQHandler              
00000b6b  EUSCIB1_IRQHandler              
00000b6b  EUSCIB2_IRQHandler              
00000b6b  EUSCIB3_IRQHandler              
00000b6b  FLCTL_IRQHandler                
00000b6b  FPU_IRQHandler                  
000000e5  HAL_LCD_PortInit                
0000012d  HAL_LCD_SpiInit                 
00000161  HAL_LCD_writeCommand            
00000199  HAL_LCD_writeData               
00000b6b  HardFault_Handler               
00000b6b  MemManage_Handler               
00000b6b  NMI_Handler                     
00000b6b  PCM_IRQHandler                  
00000b6b  PORT1_IRQHandler                
00000b6b  PORT2_IRQHandler                
00000b6b  PORT3_IRQHandler                
00000b6b  PORT4_IRQHandler                
00000b6b  PORT5_IRQHandler                
00000b6b  PORT6_IRQHandler                
00000b6b  PSS_IRQHandler                  
00000b6b  PendSV_Handler                  
00000b6b  RTC_C_IRQHandler                
00000b5f  Reset_Handler                   
00000b6b  SVC_Handler                     
00000b6b  SysTick_Handler                 
20000000  SystemCoreClock                 
00000641  SystemCoreClockUpdate           
000008b9  SystemInit                      
00000b6b  T32_INT1_IRQHandler             
00000b6b  T32_INT2_IRQHandler             
00000b6b  T32_INTC_IRQHandler             
00000b6b  TA0_0_IRQHandler                
00000b6b  TA0_N_IRQHandler                
00000b6b  TA1_0_IRQHandler                
00000b6b  TA1_N_IRQHandler                
00000b6b  TA2_0_IRQHandler                
00000b6b  TA2_N_IRQHandler                
00000b6b  TA3_0_IRQHandler                
00000b6b  TA3_N_IRQHandler                
00000b6b  UsageFault_Handler              
4000480c  WDTCTL_SYM                      
00000b6b  WDT_A_IRQHandler                
20010000  __STACK_END                     
00000200  __STACK_SIZE                    
00000ea8  __TI_CINIT_Base                 
00000eb0  __TI_CINIT_Limit                
00000ea0  __TI_Handler_Table_Base         
00000ea8  __TI_Handler_Table_Limit        
00000a99  __TI_auto_init_nobinit_nopinit  
00000a31  __TI_decompress_lzss            
00000b51  __TI_decompress_none            
ffffffff  __TI_pprof_out_hndl             
ffffffff  __TI_prof_data_size             
ffffffff  __TI_prof_data_start            
00000000  __TI_static_base__              
00000995  __aeabi_memcpy                  
00000995  __aeabi_memcpy4                 
00000995  __aeabi_memcpy8                 
ffffffff  __binit__                       
ffffffff  __c_args__                      
UNDEFED   __mpu_init                      
2000fe00  __stack                         
20000000  __start___llvm_prf_cnts         
20000000  __stop___llvm_prf_cnts          
00000b1d  _c_int00_noargs                 
UNDEFED   _system_post_cinit              
00000b6d  _system_pre_init                
00000b71  abort                           
ffffffff  binit                           
00000000  interruptVectors                
000004c1  lcd_draw_image                  
000003a9  lcd_draw_rectangle              
00000add  main                            
00000995  memcpy                          
00000b74  wisconsinBitmaps                
00000e95  wisconsinHeightPixels           
00000e94  wisconsinWidthPixels            


GLOBAL SYMBOLS: SORTED BY Symbol Address 

address   name                            
-------   ----                            
00000000  __TI_static_base__              
00000000  interruptVectors                
000000e5  HAL_LCD_PortInit                
0000012d  HAL_LCD_SpiInit                 
00000161  HAL_LCD_writeCommand            
00000199  HAL_LCD_writeData               
000001bd  Crystalfontz128x128_SetDrawFrame
00000200  __STACK_SIZE                    
0000027d  Crystalfontz128x128_Init        
000003a9  lcd_draw_rectangle              
000004c1  lcd_draw_image                  
00000641  SystemCoreClockUpdate           
000008b9  SystemInit                      
00000995  __aeabi_memcpy                  
00000995  __aeabi_memcpy4                 
00000995  __aeabi_memcpy8                 
00000995  memcpy                          
00000a31  __TI_decompress_lzss            
00000a99  __TI_auto_init_nobinit_nopinit  
00000add  main                            
00000b1d  _c_int00_noargs                 
00000b51  __TI_decompress_none            
00000b5f  Reset_Handler                   
00000b6b  ADC14_IRQHandler                
00000b6b  AES256_IRQHandler               
00000b6b  BusFault_Handler                
00000b6b  COMP_E0_IRQHandler              
00000b6b  COMP_E1_IRQHandler              
00000b6b  CS_IRQHandler                   
00000b6b  DMA_ERR_IRQHandler              
00000b6b  DMA_INT0_IRQHandler             
00000b6b  DMA_INT1_IRQHandler             
00000b6b  DMA_INT2_IRQHandler             
00000b6b  DMA_INT3_IRQHandler             
00000b6b  DebugMon_Handler                
00000b6b  Default_Handler                 
00000b6b  EUSCIA0_IRQHandler              
00000b6b  EUSCIA1_IRQHandler              
00000b6b  EUSCIA2_IRQHandler              
00000b6b  EUSCIA3_IRQHandler              
00000b6b  EUSCIB0_IRQHandler              
00000b6b  EUSCIB1_IRQHandler              
00000b6b  EUSCIB2_IRQHandler              
00000b6b  EUSCIB3_IRQHandler              
00000b6b  FLCTL_IRQHandler                
00000b6b  FPU_IRQHandler                  
00000b6b  HardFault_Handler               
00000b6b  MemManage_Handler               
00000b6b  NMI_Handler                     
00000b6b  PCM_IRQHandler                  
00000b6b  PORT1_IRQHandler                
00000b6b  PORT2_IRQHandler                
00000b6b  PORT3_IRQHandler                
00000b6b  PORT4_IRQHandler                
00000b6b  PORT5_IRQHandler                
00000b6b  PORT6_IRQHandler                
00000b6b  PSS_IRQHandler                  
00000b6b  PendSV_Handler                  
00000b6b  RTC_C_IRQHandler                
00000b6b  SVC_Handler                     
00000b6b  SysTick_Handler                 
00000b6b  T32_INT1_IRQHandler             
00000b6b  T32_INT2_IRQHandler             
00000b6b  T32_INTC_IRQHandler             
00000b6b  TA0_0_IRQHandler                
00000b6b  TA0_N_IRQHandler                
00000b6b  TA1_0_IRQHandler                
00000b6b  TA1_N_IRQHandler                
00000b6b  TA2_0_IRQHandler                
00000b6b  TA2_N_IRQHandler                
00000b6b  TA3_0_IRQHandler                
00000b6b  TA3_N_IRQHandler                
00000b6b  UsageFault_Handler              
00000b6b  WDT_A_IRQHandler                
00000b6d  _system_pre_init                
00000b71  C$$EXIT                         
00000b71  abort                           
00000b74  wisconsinBitmaps                
00000e94  wisconsinWidthPixels            
00000e95  wisconsinHeightPixels           
00000ea0  __TI_Handler_Table_Base         
00000ea8  __TI_CINIT_Base                 
00000ea8  __TI_Handler_Table_Limit        
00000eb0  __TI_CINIT_Limit                
20000000  SystemCoreClock                 
20000000  __start___llvm_prf_cnts         
20000000  __stop___llvm_prf_cnts          
2000fe00  __stack                         
20010000  __STACK_END                     
4000480c  WDTCTL_SYM                      
ffffffff  __TI_pprof_out_hndl             
ffffffff  __TI_prof_data_size             
ffffffff  __TI_prof_data_start            
ffffffff  __binit__                       
ffffffff  __c_args__                      
ffffffff  binit                           
UNDEFED   __mpu_init                      
UNDEFED   _system_post_cinit              

[98 symbols]
