******************************************************************************
                  TI ARM Linker PC v20.2.4                     
******************************************************************************
>> Linked Tue Mar 21 08:37:18 2023

OUTPUT FILE NAME:   <10-ice-uart-circular-buffer.out>
ENTRY POINT SYMBOL: "_c_int00_noargs"  address: 00002fc1


MEMORY CONFIGURATION

         name            origin    length      used     unused   attr    fill
----------------------  --------  ---------  --------  --------  ----  --------
  MAIN                  00000000   00040000  000033c5  0003cc3b  R  X
  INFO                  00200000   00004000  00000000  00004000  R  X
  SRAM_CODE             01000000   00010000  00000a0b  0000f5f5  RW X
  SRAM_DATA             20000000   00010000  00000a0b  0000f5f5  RW  


SEGMENT ALLOCATION MAP

run origin  load origin   length   init length attrs members
----------  ----------- ---------- ----------- ----- -------
00000000    00000000    000033c8   000033c8    r-x
  00000000    00000000    000000e4   000000e4    r-- .intvecs
  000000e4    000000e4    00003148   00003148    r-x .text
  0000322c    0000322c    00000101   00000101    r-- .const
  00003330    00003330    00000098   00000098    r-- .cinit
20000000    20000000    0000080b   00000000    rw-
  20000000    20000000    00000400   00000000    rw- .sysmem
  20000400    20000400    0000021c   00000000    rw- .bss
  2000061c    2000061c    000001ef   00000000    rw- .data
2000fe00    2000fe00    00000200   00000000    rw-
  2000fe00    2000fe00    00000200   00000000    rw- .stack


SECTION ALLOCATION MAP

 output                                  attributes/
section   page    origin      length       input sections
--------  ----  ----------  ----------   ----------------
.intvecs   0    00000000    000000e4     
                  00000000    000000e4     startup_msp432p401r_ccs.obj (.intvecs:retain)

.text      0    000000e4    00003148     
                  000000e4    00000a4e     rtsv7M4_T_le_v4SPD16_eabi.lib : _printfi.c.obj (.text:__TI_printfi)
                  00000b32    00000002                                   : _lock.c.obj (.text:_nop)
                  00000b34    00000354     system_msp432p401r.obj (.text)
                  00000e88    00000270     rtsv7M4_T_le_v4SPD16_eabi.lib : _printfi.c.obj (.text:_pconv_a)
                  000010f8    000001d0                                   : _printfi.c.obj (.text:_pconv_g)
                  000012c8    000001b6                                   : fd_add_t2.asm.obj (.text)
                  0000147e    000001b0     circular_buffer.obj (.text)
                  0000162e    00000002     rtsv7M4_T_le_v4SPD16_eabi.lib : div0.asm.obj (.text)
                  00001630    000001a8     serial_debug.obj (.text)
                  000017d8    0000013c     rtsv7M4_T_le_v4SPD16_eabi.lib : _printfi.c.obj (.text:_pconv_e)
                  00001914    00000136                                   : fd_div_t2.asm.obj (.text)
                  00001a4a    00000002     --HOLE-- [fill = 0]
                  00001a4c    00000124                                   : _printfi.c.obj (.text:fcvt)
                  00001b70    00000114                                   : fputs.c.obj (.text:fputs)
                  00001c84    00000110                                   : s_scalbn.c.obj (.text:scalbn)
                  00001d94    00000100                                   : memory.c.obj (.text:aligned_alloc)
                  00001e94    000000fc                                   : fd_mul_t2.asm.obj (.text)
                  00001f90    000000e8     main.obj (.text)
                  00002078    000000e4     rtsv7M4_T_le_v4SPD16_eabi.lib : memory.c.obj (.text:free)
                  0000215c    000000dc                                   : setvbuf.c.obj (.text:setvbuf)
                  00002238    000000b1                                   : _printfi.c.obj (.text:_ltostr)
                  000022e9    00000001     --HOLE-- [fill = 0]
                  000022ea    0000009c                                   : memcpy_t2.asm.obj (.text)
                  00002386    00000096                                   : ull_div_t2.asm.obj (.text)
                  0000241c    00000086                                   : fd_cmp_t2.asm.obj (.text:__aeabi_cdcmple)
                  000024a2    00000086                                   : fd_cmp_t2.asm.obj (.text:__aeabi_cdrcmple)
                  00002528    0000007a                                   : memset_t2.asm.obj (.text)
                  000025a2    00000002     --HOLE-- [fill = 0]
                  000025a4    00000074                                   : fclose.c.obj (.text:__TI_closefile)
                  00002618    00000070                                   : memory.c.obj (.text:split)
                  00002688    0000006e                                   : _printfi.c.obj (.text:_mcpy)
                  000026f6    00000002     --HOLE-- [fill = 0]
                  000026f8    0000006c                                   : hostrename.c.obj (.text:HOSTrename)
                  00002764    00000068                                   : hostlseek.c.obj (.text:HOSTlseek)
                  000027cc    00000068                                   : copy_decompress_lzss.c.obj (.text:decompress:lzss:__TI_decompress_lzss)
                  00002834    00000068                                   : printf.c.obj (.text:printf)
                  0000289c    00000064                                   : s_frexp.c.obj (.text:frexp)
                  00002900    00000064                                   : fseek.c.obj (.text:fseek)
                  00002964    00000062                                   : _io_perm.c.obj (.text:__TI_wrt_ok)
                  000029c6    00000002     --HOLE-- [fill = 0]
                  000029c8    00000060                                   : hostopen.c.obj (.text:HOSTopen)
                  00002a28    0000005c                                   : close.c.obj (.text:close)
                  00002a84    00000058                                   : hostread.c.obj (.text:HOSTread)
                  00002adc    00000058                                   : hostwrite.c.obj (.text:HOSTwrite)
                  00002b34    00000056                                   : _printfi.c.obj (.text:_pconv_f)
                  00002b8a    00000054                                   : _ltoa.c.obj (.text:__TI_ltoa)
                  00002bde    00000052                                   : _printfi.c.obj (.text:_ecpy)
                  00002c30    0000004c                                   : fflush.c.obj (.text:__TI_doflush)
                  00002c7c    0000004c                                   : atoi.c.obj (.text:atoi)
                  00002cc8    00000048                                   : exit.c.obj (.text:exit)
                  00002d10    00000048                                   : fd_toi_t2.asm.obj (.text)
                  00002d58    00000044                                   : hostclose.c.obj (.text:HOSTclose)
                  00002d9c    00000044                                   : hostunlink.c.obj (.text:HOSTunlink)
                  00002de0    00000044                                   : autoinit.c.obj (.text:__TI_auto_init_nobinit_nopinit:__TI_auto_init_nobinit_nopinit)
                  00002e24    00000044                                   : getdevice.c.obj (.text:getdevice)
                  00002e68    00000040                                   : u_divt2.asm.obj (.text)
                  00002ea8    0000003e                                   : _printfi.c.obj (.text:_fcpy)
                  00002ee6    00000002     --HOLE-- [fill = 0]
                  00002ee8    00000038                                   : trgmsg.c.obj (.text:__TI_writemsg)
                  00002f20    00000036                                   : strncpy.c.obj (.text:strncpy)
                  00002f56    00000002     --HOLE-- [fill = 0]
                  00002f58    00000034                                   : fopen.c.obj (.text:__TI_cleanup)
                  00002f8c    00000034                                   : trgmsg.c.obj (.text:__TI_readmsg)
                  00002fc0    00000034                                   : boot_cortex_m.c.obj (.text:_c_int00_noargs:_c_int00_noargs)
                  00002ff4    00000030                                   : getdevice.c.obj (.text:finddevice)
                  00003024    0000002e                                   : i_tofd_t2.asm.obj (.text)
                  00003052    00000002     --HOLE-- [fill = 0]
                  00003054    0000002c                                   : unlink.c.obj (.text:unlink)
                  00003080    00000028                                   : memory.c.obj (.text:free_list_insert)
                  000030a8    00000028                                   : lseek.c.obj (.text:lseek)
                  000030d0    00000028                                   : write.c.obj (.text:write)
                  000030f8    00000020                                   : memchr.c.obj (.text:memchr)
                  00003118    0000001c                                   : copy_zero_init.c.obj (.text:decompress:ZI:__TI_zero_init_nomemset:__TI_zero_init_nomemset)
                  00003134    0000001c                                   : memory.c.obj (.text:free_list_remove)
                  00003150    0000001c                                   : memccpy.c.obj (.text:memccpy)
                  0000316c    0000001a                                   : s_copysign.c.obj (.text:copysign)
                  00003186    00000018                                   : strcmp.c.obj (.text:strcmp)
                  0000319e    00000016                                   : strchr.c.obj (.text:strchr)
                  000031b4    00000014                                   : strcpy.c.obj (.text:strcpy)
                  000031c8    00000014                                   : strlen.c.obj (.text:strlen)
                  000031dc    00000012                                   : wcslen.c.obj (.text:wcslen)
                  000031ee    0000000e                                   : copy_decompress_none.c.obj (.text:decompress:none:__TI_decompress_none)
                  000031fc    0000000e     startup_msp432p401r_ccs.obj (.text)
                  0000320a    00000002     --HOLE-- [fill = 0]
                  0000320c    00000008     rtsv7M4_T_le_v4SPD16_eabi.lib : errno.c.obj (.text:__aeabi_errno_addr)
                  00003214    00000008                                   : memory.c.obj (.text:malloc)
                  0000321c    00000004                                   : printf.c.obj (.text:_outc)
                  00003220    00000004                                   : printf.c.obj (.text:_outs)
                  00003224    00000004                                   : pre_init.c.obj (.text:_system_pre_init)
                  00003228    00000004                                   : exit.c.obj (.text:abort:abort)

.const     0    0000322c    00000101     
                  0000322c    00000101     rtsv7M4_T_le_v4SPD16_eabi.lib : ctype.c.obj (.const:.string:_ctypes_)

.cinit     0    00003330    00000098     
                  00003330    0000006e     (.cinit..data.load) [load image, compression = lzss]
                  0000339e    00000002     --HOLE-- [fill = 0]
                  000033a0    0000000c     (__TI_handler_table)
                  000033ac    00000004     --HOLE-- [fill = 0]
                  000033b0    00000008     (.cinit..bss.load) [load image, compression = zero_init]
                  000033b8    00000010     (__TI_cinit_table)

.init_array 
*          0    00000000    00000000     UNINITIALIZED

.binit     0    00000000    00000000     

.sysmem    0    20000000    00000400     UNINITIALIZED
                  20000000    00000010     rtsv7M4_T_le_v4SPD16_eabi.lib : memory.c.obj (.sysmem)
                  20000010    000003f0     --HOLE--

.bss       0    20000400    0000021c     UNINITIALIZED
                  20000400    00000120     rtsv7M4_T_le_v4SPD16_eabi.lib : trgmsg.c.obj (.bss:_CIOBUF_)
                  20000520    000000a0     (.common:__TI_tmpnams)
                  200005c0    00000050     (.common:Rx_String)
                  20000610    00000008     (.common:parmbuf)
                  20000618    00000004     (.common:Tx_Buffer)

.data      0    2000061c    000001ef     UNINITIALIZED
                  2000061c    000000f0     rtsv7M4_T_le_v4SPD16_eabi.lib : defs.c.obj (.data:_ftable)
                  2000070c    00000078                                   : host_device.c.obj (.data:_device)
                  20000784    00000050                                   : host_device.c.obj (.data:_stream)
                  200007d4    00000010                                   : defs.c.obj (.data)
                  200007e4    0000000c                                   : exit.c.obj (.data:$O1$$)
                  200007f0    00000008                                   : _lock.c.obj (.data:$O1$$)
                  200007f8    00000008                                   : memory.c.obj (.data:$O1$$)
                  20000800    00000004                                   : errno.c.obj (.data)
                  20000804    00000004     system_msp432p401r.obj (.data)
                  20000808    00000003     serial_debug.obj (.data)

.stack     0    2000fe00    00000200     UNINITIALIZED
                  2000fe00    00000004     rtsv7M4_T_le_v4SPD16_eabi.lib : boot_cortex_m.c.obj (.stack)
                  2000fe04    000001fc     --HOLE--

__llvm_prf_cnts 
*          0    20000000    00000000     UNINITIALIZED

MODULE SUMMARY

       Module                        code    ro data   rw data
       ------                        ----    -------   -------
    .\
       system_msp432p401r.obj        852     0         8      
       serial_debug.obj              424     0         174    
       circular_buffer.obj           432     0         0      
       startup_msp432p401r_ccs.obj   14      228       0      
       main.obj                      232     0         0      
    +--+-----------------------------+-------+---------+---------+
       Total:                        1954    228       182    
                                                              
    C:\ProgramData\App-V\883E8076-D99D-4911-93C4-940332A6BE1F\BFE39798-EFFD-4CAF-929B-E5A85FC35347\Root\ccs\tools\compiler\ti-cgt-arm_20.2.4.LTS\lib\rtsv7M4_T_le_v4SPD16_eabi.lib
       _printfi.c.obj                4851    0         0      
       defs.c.obj                    0       0         832    
       memory.c.obj                  672     0         16     
       trgmsg.c.obj                  108     0         576    
       fd_add_t2.asm.obj             438     0         0      
       host_device.c.obj             0       0         400    
       fd_div_t2.asm.obj             310     0         0      
       fputs.c.obj                   276     0         0      
       s_scalbn.c.obj                272     0         0      
       fd_cmp_t2.asm.obj             268     0         0      
       ctype.c.obj                   0       257       0      
       fd_mul_t2.asm.obj             252     0         0      
       setvbuf.c.obj                 220     0         0      
       memcpy_t2.asm.obj             156     0         0      
       ull_div_t2.asm.obj            150     0         0      
       memset_t2.asm.obj             122     0         0      
       fclose.c.obj                  116     0         0      
       getdevice.c.obj               116     0         0      
       hostopen.c.obj                96      0         16     
       printf.c.obj                  112     0         0      
       hostrename.c.obj              108     0         0      
       copy_decompress_lzss.c.obj    104     0         0      
       hostlseek.c.obj               104     0         0      
       exit.c.obj                    76      0         24     
       fseek.c.obj                   100     0         0      
       s_frexp.c.obj                 100     0         0      
       _io_perm.c.obj                98      0         0      
       close.c.obj                   92      0         0      
       hostread.c.obj                88      0         0      
       hostwrite.c.obj               88      0         0      
       _ltoa.c.obj                   84      0         0      
       atoi.c.obj                    76      0         0      
       fflush.c.obj                  76      0         0      
       fd_toi_t2.asm.obj             72      0         0      
       autoinit.c.obj                68      0         0      
       hostclose.c.obj               68      0         0      
       hostunlink.c.obj              68      0         0      
       u_divt2.asm.obj               64      0         0      
       strncpy.c.obj                 54      0         0      
       boot_cortex_m.c.obj           52      0         0      
       fopen.c.obj                   52      0         0      
       i_tofd_t2.asm.obj             46      0         0      
       unlink.c.obj                  44      0         0      
       lseek.c.obj                   40      0         0      
       write.c.obj                   40      0         0      
       memchr.c.obj                  32      0         0      
       copy_zero_init.c.obj          28      0         0      
       memccpy.c.obj                 28      0         0      
       s_copysign.c.obj              26      0         0      
       strcmp.c.obj                  24      0         0      
       strchr.c.obj                  22      0         0      
       strcpy.c.obj                  20      0         0      
       strlen.c.obj                  20      0         0      
       _lock.c.obj                   2       0         16     
       wcslen.c.obj                  18      0         0      
       errno.c.obj                   8       0         8      
       copy_decompress_none.c.obj    14      0         0      
       pre_init.c.obj                4       0         0      
       div0.asm.obj                  2       0         0      
    +--+-----------------------------+-------+---------+---------+
       Total:                        10645   257       1888   
                                                              
       Heap:                         0       0         2048   
       Stack:                        0       0         1024   
       Linker Generated:             0       146       0      
    +--+-----------------------------+-------+---------+---------+
       Grand Total:                  12599   631       5142   


LINKER GENERATED COPY TABLES

__TI_cinit_table @ 000033b8 records: 2, size/record: 8, table size: 16
	.data: load addr=00003330, load size=0000006e bytes, run addr=2000061c, run size=000001ef bytes, compression=lzss
	.bss: load addr=000033b0, load size=00000008 bytes, run addr=20000400, run size=0000021c bytes, compression=zero_init


LINKER GENERATED HANDLER TABLE

__TI_handler_table @ 000033a0 records: 3, size/record: 4, table size: 12
	index: 0, handler: __TI_decompress_lzss
	index: 1, handler: __TI_decompress_none
	index: 2, handler: __TI_zero_init


GLOBAL SYMBOLS: SORTED ALPHABETICALLY BY Name 

address   name                           
-------   ----                           
00003209  ADC14_IRQHandler               
00003209  AES256_IRQHandler              
2000080a  ALERT_STRING                   
00003209  BusFault_Handler               
00003229  C$$EXIT                        
00002f17  C$$IO$$                        
00003209  COMP_E0_IRQHandler             
00003209  COMP_E1_IRQHandler             
00003209  CS_IRQHandler                  
00003209  DMA_ERR_IRQHandler             
00003209  DMA_INT0_IRQHandler            
00003209  DMA_INT1_IRQHandler            
00003209  DMA_INT2_IRQHandler            
00003209  DMA_INT3_IRQHandler            
00003209  DebugMon_Handler               
00003209  Default_Handler                
0000172b  EUSCIA0_IRQHandler             
0000172b  EUSCIA0_IRQHandler             
00003209  EUSCIA1_IRQHandler             
00003209  EUSCIA2_IRQHandler             
00003209  EUSCIA3_IRQHandler             
00003209  EUSCIB0_IRQHandler             
00003209  EUSCIB1_IRQHandler             
00003209  EUSCIB2_IRQHandler             
00003209  EUSCIB3_IRQHandler             
00003209  FLCTL_IRQHandler               
00003209  FPU_IRQHandler                 
00002d59  HOSTclose                      
00002765  HOSTlseek                      
000029c9  HOSTopen                       
00002a85  HOSTread                       
000026f9  HOSTrename                     
00002d9d  HOSTunlink                     
00002add  HOSTwrite                      
00003209  HardFault_Handler              
00003209  MemManage_Handler              
00003209  NMI_Handler                    
00003209  PCM_IRQHandler                 
00003209  PORT1_IRQHandler               
00003209  PORT2_IRQHandler               
00003209  PORT3_IRQHandler               
00003209  PORT4_IRQHandler               
00003209  PORT5_IRQHandler               
00003209  PORT6_IRQHandler               
00003209  PSS_IRQHandler                 
00003209  PendSV_Handler                 
00003209  RTC_C_IRQHandler               
000031fd  Reset_Handler                  
20000808  Rx_Char_Count                  
200005c0  Rx_String                      
00003209  SVC_Handler                    
00003209  SysTick_Handler                
20000804  SystemCoreClock                
00000b35  SystemCoreClockUpdate          
00000dad  SystemInit                     
00003209  T32_INT1_IRQHandler            
00003209  T32_INT2_IRQHandler            
00003209  T32_INTC_IRQHandler            
00003209  TA0_0_IRQHandler               
00003209  TA0_N_IRQHandler               
00003209  TA1_0_IRQHandler               
00003209  TA1_N_IRQHandler               
00003209  TA2_0_IRQHandler               
00003209  TA2_N_IRQHandler               
00003209  TA3_0_IRQHandler               
00003209  TA3_N_IRQHandler               
20000618  Tx_Buffer                      
00003209  UsageFault_Handler             
4000480c  WDTCTL_SYM                     
00003209  WDT_A_IRQHandler               
20000400  __CIOBUF_                      
20010000  __STACK_END                    
00000200  __STACK_SIZE                   
00000400  __SYSMEM_SIZE                  
000033b8  __TI_CINIT_Base                
000033c8  __TI_CINIT_Limit               
000033a0  __TI_Handler_Table_Base        
000033ac  __TI_Handler_Table_Limit       
00002de1  __TI_auto_init_nobinit_nopinit 
00002f59  __TI_cleanup                   
200007e4  __TI_cleanup_ptr               
000025a5  __TI_closefile                 
000027cd  __TI_decompress_lzss           
000031ef  __TI_decompress_none           
00002c31  __TI_doflush                   
200007e8  __TI_dtors_ptr                 
200007ec  __TI_enable_exit_profile_output
200007d4  __TI_ft_end                    
00002b8b  __TI_ltoa                      
ffffffff  __TI_pprof_out_hndl            
000000e5  __TI_printfi                   
ffffffff  __TI_prof_data_size            
ffffffff  __TI_prof_data_start           
00002f8d  __TI_readmsg                   
00000000  __TI_static_base__             
20000520  __TI_tmpnams                   
00002ee9  __TI_writemsg                  
00002965  __TI_wrt_ok                    
00003119  __TI_zero_init_nomemset        
0000241d  __aeabi_cdcmpeq                
0000241d  __aeabi_cdcmple                
000024a3  __aeabi_cdrcmple               
00002d11  __aeabi_d2iz                   
000012d3  __aeabi_dadd                   
00001915  __aeabi_ddiv                   
00001e95  __aeabi_dmul                   
000012c9  __aeabi_dsub                   
0000320d  __aeabi_errno_addr             
00003025  __aeabi_i2d                    
0000162f  __aeabi_idiv0                  
0000162f  __aeabi_ldiv0                  
00002529  __aeabi_memclr                 
00002529  __aeabi_memclr4                
00002529  __aeabi_memclr8                
000022eb  __aeabi_memcpy                 
000022eb  __aeabi_memcpy4                
000022eb  __aeabi_memcpy8                
0000252b  __aeabi_memset                 
0000252b  __aeabi_memset4                
0000252b  __aeabi_memset8                
200007e0  __aeabi_stderr                 
200007d8  __aeabi_stdin                  
200007dc  __aeabi_stdout                 
00002e69  __aeabi_uidiv                  
00002e69  __aeabi_uidivmod               
00002387  __aeabi_uldivmod               
ffffffff  __binit__                      
ffffffff  __c_args__                     
UNDEFED   __mpu_init                     
2000fe00  __stack                        
20000000  __start___llvm_prf_cnts        
20000000  __stop___llvm_prf_cnts         
00002fc1  _c_int00_noargs                
0000322c  _ctypes_                       
2000070c  _device                        
2000061c  _ftable                        
200007f0  _lock                          
00000b33  _nop                           
20000784  _stream                        
20000000  _sys_memory                    
UNDEFED   _system_post_cinit             
00003225  _system_pre_init               
200007f4  _unlock                        
00003229  abort                          
00001d95  aligned_alloc                  
00002c7d  atoi                           
ffffffff  binit                          
000014c5  circular_buffer_add            
000014b1  circular_buffer_delete         
0000152f  circular_buffer_empty          
0000154b  circular_buffer_full           
0000147f  circular_buffer_init           
000014fb  circular_buffer_remove         
0000156d  circular_buffer_test_0         
00002a29  close                          
0000316d  copysign                       
0000316d  copysignl                      
20000800  errno                          
00002cc9  exit                           
00002ff5  finddevice                     
000016fb  fputc                          
00001b71  fputs                          
00002079  free                           
0000289d  frexp                          
0000289d  frexpl                         
00002901  fseek                          
00002e25  getdevice                      
00000000  interruptVectors               
00001c85  ldexp                          
00001c85  ldexpl                         
000030a9  lseek                          
00001f91  main                           
00003215  malloc                         
00001d95  memalign                       
00003151  memccpy                        
000030f9  memchr                         
000022eb  memcpy                         
00002531  memset                         
20000610  parmbuf                        
00002835  printf                         
00003055  remove                         
00001c85  scalbn                         
00001c85  scalbnl                        
0000165d  serial_debug_init              
0000166f  serial_debug_init_uart         
000016d1  serial_debug_put_string        
0000215d  setvbuf                        
0000319f  strchr                         
00003187  strcmp                         
000031b5  strcpy                         
000031c9  strlen                         
00002f21  strncpy                        
00003055  unlink                         
000031dd  wcslen                         
000030d1  write                          


GLOBAL SYMBOLS: SORTED BY Symbol Address 

address   name                           
-------   ----                           
00000000  __TI_static_base__             
00000000  interruptVectors               
000000e5  __TI_printfi                   
00000200  __STACK_SIZE                   
00000400  __SYSMEM_SIZE                  
00000b33  _nop                           
00000b35  SystemCoreClockUpdate          
00000dad  SystemInit                     
000012c9  __aeabi_dsub                   
000012d3  __aeabi_dadd                   
0000147f  circular_buffer_init           
000014b1  circular_buffer_delete         
000014c5  circular_buffer_add            
000014fb  circular_buffer_remove         
0000152f  circular_buffer_empty          
0000154b  circular_buffer_full           
0000156d  circular_buffer_test_0         
0000162f  __aeabi_idiv0                  
0000162f  __aeabi_ldiv0                  
0000165d  serial_debug_init              
0000166f  serial_debug_init_uart         
000016d1  serial_debug_put_string        
000016fb  fputc                          
0000172b  EUSCIA0_IRQHandler             
0000172b  EUSCIA0_IRQHandler             
00001915  __aeabi_ddiv                   
00001b71  fputs                          
00001c85  ldexp                          
00001c85  ldexpl                         
00001c85  scalbn                         
00001c85  scalbnl                        
00001d95  aligned_alloc                  
00001d95  memalign                       
00001e95  __aeabi_dmul                   
00001f91  main                           
00002079  free                           
0000215d  setvbuf                        
000022eb  __aeabi_memcpy                 
000022eb  __aeabi_memcpy4                
000022eb  __aeabi_memcpy8                
000022eb  memcpy                         
00002387  __aeabi_uldivmod               
0000241d  __aeabi_cdcmpeq                
0000241d  __aeabi_cdcmple                
000024a3  __aeabi_cdrcmple               
00002529  __aeabi_memclr                 
00002529  __aeabi_memclr4                
00002529  __aeabi_memclr8                
0000252b  __aeabi_memset                 
0000252b  __aeabi_memset4                
0000252b  __aeabi_memset8                
00002531  memset                         
000025a5  __TI_closefile                 
000026f9  HOSTrename                     
00002765  HOSTlseek                      
000027cd  __TI_decompress_lzss           
00002835  printf                         
0000289d  frexp                          
0000289d  frexpl                         
00002901  fseek                          
00002965  __TI_wrt_ok                    
000029c9  HOSTopen                       
00002a29  close                          
00002a85  HOSTread                       
00002add  HOSTwrite                      
00002b8b  __TI_ltoa                      
00002c31  __TI_doflush                   
00002c7d  atoi                           
00002cc9  exit                           
00002d11  __aeabi_d2iz                   
00002d59  HOSTclose                      
00002d9d  HOSTunlink                     
00002de1  __TI_auto_init_nobinit_nopinit 
00002e25  getdevice                      
00002e69  __aeabi_uidiv                  
00002e69  __aeabi_uidivmod               
00002ee9  __TI_writemsg                  
00002f17  C$$IO$$                        
00002f21  strncpy                        
00002f59  __TI_cleanup                   
00002f8d  __TI_readmsg                   
00002fc1  _c_int00_noargs                
00002ff5  finddevice                     
00003025  __aeabi_i2d                    
00003055  remove                         
00003055  unlink                         
000030a9  lseek                          
000030d1  write                          
000030f9  memchr                         
00003119  __TI_zero_init_nomemset        
00003151  memccpy                        
0000316d  copysign                       
0000316d  copysignl                      
00003187  strcmp                         
0000319f  strchr                         
000031b5  strcpy                         
000031c9  strlen                         
000031dd  wcslen                         
000031ef  __TI_decompress_none           
000031fd  Reset_Handler                  
00003209  ADC14_IRQHandler               
00003209  AES256_IRQHandler              
00003209  BusFault_Handler               
00003209  COMP_E0_IRQHandler             
00003209  COMP_E1_IRQHandler             
00003209  CS_IRQHandler                  
00003209  DMA_ERR_IRQHandler             
00003209  DMA_INT0_IRQHandler            
00003209  DMA_INT1_IRQHandler            
00003209  DMA_INT2_IRQHandler            
00003209  DMA_INT3_IRQHandler            
00003209  DebugMon_Handler               
00003209  Default_Handler                
00003209  EUSCIA1_IRQHandler             
00003209  EUSCIA2_IRQHandler             
00003209  EUSCIA3_IRQHandler             
00003209  EUSCIB0_IRQHandler             
00003209  EUSCIB1_IRQHandler             
00003209  EUSCIB2_IRQHandler             
00003209  EUSCIB3_IRQHandler             
00003209  FLCTL_IRQHandler               
00003209  FPU_IRQHandler                 
00003209  HardFault_Handler              
00003209  MemManage_Handler              
00003209  NMI_Handler                    
00003209  PCM_IRQHandler                 
00003209  PORT1_IRQHandler               
00003209  PORT2_IRQHandler               
00003209  PORT3_IRQHandler               
00003209  PORT4_IRQHandler               
00003209  PORT5_IRQHandler               
00003209  PORT6_IRQHandler               
00003209  PSS_IRQHandler                 
00003209  PendSV_Handler                 
00003209  RTC_C_IRQHandler               
00003209  SVC_Handler                    
00003209  SysTick_Handler                
00003209  T32_INT1_IRQHandler            
00003209  T32_INT2_IRQHandler            
00003209  T32_INTC_IRQHandler            
00003209  TA0_0_IRQHandler               
00003209  TA0_N_IRQHandler               
00003209  TA1_0_IRQHandler               
00003209  TA1_N_IRQHandler               
00003209  TA2_0_IRQHandler               
00003209  TA2_N_IRQHandler               
00003209  TA3_0_IRQHandler               
00003209  TA3_N_IRQHandler               
00003209  UsageFault_Handler             
00003209  WDT_A_IRQHandler               
0000320d  __aeabi_errno_addr             
00003215  malloc                         
00003225  _system_pre_init               
00003229  C$$EXIT                        
00003229  abort                          
0000322c  _ctypes_                       
000033a0  __TI_Handler_Table_Base        
000033ac  __TI_Handler_Table_Limit       
000033b8  __TI_CINIT_Base                
000033c8  __TI_CINIT_Limit               
20000000  __start___llvm_prf_cnts        
20000000  __stop___llvm_prf_cnts         
20000000  _sys_memory                    
20000400  __CIOBUF_                      
20000520  __TI_tmpnams                   
200005c0  Rx_String                      
20000610  parmbuf                        
20000618  Tx_Buffer                      
2000061c  _ftable                        
2000070c  _device                        
20000784  _stream                        
200007d4  __TI_ft_end                    
200007d8  __aeabi_stdin                  
200007dc  __aeabi_stdout                 
200007e0  __aeabi_stderr                 
200007e4  __TI_cleanup_ptr               
200007e8  __TI_dtors_ptr                 
200007ec  __TI_enable_exit_profile_output
200007f0  _lock                          
200007f4  _unlock                        
20000800  errno                          
20000804  SystemCoreClock                
20000808  Rx_Char_Count                  
2000080a  ALERT_STRING                   
2000fe00  __stack                        
20010000  __STACK_END                    
4000480c  WDTCTL_SYM                     
ffffffff  __TI_pprof_out_hndl            
ffffffff  __TI_prof_data_size            
ffffffff  __TI_prof_data_start           
ffffffff  __binit__                      
ffffffff  __c_args__                     
ffffffff  binit                          
UNDEFED   __mpu_init                     
UNDEFED   _system_post_cinit             

[195 symbols]
