******************************************************************************
                  TI ARM Linker PC v20.2.4                     
******************************************************************************
>> Linked Tue Mar  7 18:47:35 2023

OUTPUT FILE NAME:   <HW01.out>
ENTRY POINT SYMBOL: "_c_int00_noargs"  address: 00000e35


MEMORY CONFIGURATION

         name            origin    length      used     unused   attr    fill
----------------------  --------  ---------  --------  --------  ----  --------
  MAIN                  00000000   00040000  00000f0c  0003f0f4  R  X
  INFO                  00200000   00004000  00000000  00004000  R  X
  SRAM_CODE             01000000   00010000  000002f0  0000fd10  RW X
  SRAM_DATA             20000000   00010000  000002f0  0000fd10  RW  


SEGMENT ALLOCATION MAP

run origin  load origin   length   init length attrs members
----------  ----------- ---------- ----------- ----- -------
00000000    00000000    00000f10   00000f10    r-x
  00000000    00000000    000000e4   000000e4    r-- .intvecs
  000000e4    000000e4    00000dc8   00000dc8    r-x .text
  00000eb0    00000eb0    00000060   00000060    r-- .cinit
20000000    20000000    000000f0   00000000    rw-
  20000000    20000000    000000f0   00000000    rw- .data
2000fe00    2000fe00    00000200   00000000    rw-
  2000fe00    2000fe00    00000200   00000000    rw- .stack


SECTION ALLOCATION MAP

 output                                  attributes/
section   page    origin      length       input sections
--------  ----  ----------  ----------   ----------------
.intvecs   0    00000000    000000e4     
                  00000000    000000e4     startup_msp432p401r_ccs.obj (.intvecs:retain)

.text      0    000000e4    00000dc8     
                  000000e4    000006c8     ECE353.obj (.text)
                  000007ac    00000354     system_msp432p401r.obj (.text)
                  00000b00    0000010c     interrupts.obj (.text)
                  00000c0c    000000e0     music.obj (.text)
                  00000cec    0000009c     rtsv7M4_T_le_v4SPD16_eabi.lib : memcpy_t2.asm.obj (.text)
                  00000d88    00000068                                   : copy_decompress_lzss.c.obj (.text:decompress:lzss:__TI_decompress_lzss)
                  00000df0    00000044                                   : autoinit.c.obj (.text:__TI_auto_init_nobinit_nopinit:__TI_auto_init_nobinit_nopinit)
                  00000e34    00000034                                   : boot_cortex_m.c.obj (.text:_c_int00_noargs:_c_int00_noargs)
                  00000e68    00000020     main.obj (.text)
                  00000e88    0000000e     rtsv7M4_T_le_v4SPD16_eabi.lib : copy_decompress_none.c.obj (.text:decompress:none:__TI_decompress_none)
                  00000e96    0000000e     startup_msp432p401r_ccs.obj (.text)
                  00000ea4    00000004     rtsv7M4_T_le_v4SPD16_eabi.lib : pre_init.c.obj (.text:_system_pre_init)
                  00000ea8    00000004                                   : exit.c.obj (.text:abort:abort)

.cinit     0    00000eb0    00000060     
                  00000eb0    00000050     (.cinit..data.load) [load image, compression = lzss]
                  00000f00    00000008     (__TI_handler_table)
                  00000f08    00000008     (__TI_cinit_table)

.init_array 
*          0    00000000    00000000     UNINITIALIZED

.binit     0    00000000    00000000     

.data      0    20000000    000000f0     UNINITIALIZED
                  20000000    000000e0     music.obj (.data:Song)
                  200000e0    00000009     interrupts.obj (.data)
                  200000e9    00000003     --HOLE--
                  200000ec    00000004     system_msp432p401r.obj (.data)

.stack     0    2000fe00    00000200     UNINITIALIZED
                  2000fe00    00000004     rtsv7M4_T_le_v4SPD16_eabi.lib : boot_cortex_m.c.obj (.stack)
                  2000fe04    000001fc     --HOLE--

__llvm_prf_cnts 
*          0    20000000    00000000     UNINITIALIZED

MODULE SUMMARY

       Module                        code   ro data   rw data
       ------                        ----   -------   -------
    .\
       ECE353.obj                    1736   0         0      
       system_msp432p401r.obj        852    0         8      
       music.obj                     224    0         448    
       interrupts.obj                268    0         18     
       startup_msp432p401r_ccs.obj   14     228       0      
       main.obj                      32     0         0      
    +--+-----------------------------+------+---------+---------+
       Total:                        3126   228       474    
                                                             
    C:\ProgramData\App-V\883E8076-D99D-4911-93C4-940332A6BE1F\BFE39798-EFFD-4CAF-929B-E5A85FC35347\Root\ccs\tools\compiler\ti-cgt-arm_20.2.4.LTS\lib\rtsv7M4_T_le_v4SPD16_eabi.lib
       memcpy_t2.asm.obj             156    0         0      
       copy_decompress_lzss.c.obj    104    0         0      
       autoinit.c.obj                68     0         0      
       boot_cortex_m.c.obj           52     0         0      
       copy_decompress_none.c.obj    14     0         0      
       exit.c.obj                    4      0         0      
       pre_init.c.obj                4      0         0      
    +--+-----------------------------+------+---------+---------+
       Total:                        402    0         0      
                                                             
       Stack:                        0      0         1024   
       Linker Generated:             0      96        0      
    +--+-----------------------------+------+---------+---------+
       Grand Total:                  3528   324       1498   


LINKER GENERATED COPY TABLES

__TI_cinit_table @ 00000f08 records: 1, size/record: 8, table size: 8
	.data: load addr=00000eb0, load size=00000050 bytes, run addr=20000000, run size=000000f0 bytes, compression=lzss


LINKER GENERATED HANDLER TABLE

__TI_handler_table @ 00000f00 records: 2, size/record: 4, table size: 8
	index: 0, handler: __TI_decompress_lzss
	index: 1, handler: __TI_decompress_none


GLOBAL SYMBOLS: SORTED ALPHABETICALLY BY Name 

address   name                          
-------   ----                          
00000bc3  ADC14_IRQHandler              
00000bc3  ADC14_IRQHandler              
00000ea3  AES256_IRQHandler             
200000e8  BUTTON_PRESSED                
00000ea3  BusFault_Handler              
00000ea9  C$$EXIT                       
00000ea3  COMP_E0_IRQHandler            
00000ea3  COMP_E1_IRQHandler            
00000ea3  CS_IRQHandler                 
00000ea3  DMA_ERR_IRQHandler            
00000ea3  DMA_INT0_IRQHandler           
00000ea3  DMA_INT1_IRQHandler           
00000ea3  DMA_INT2_IRQHandler           
00000ea3  DMA_INT3_IRQHandler           
00000ea3  DebugMon_Handler              
00000ea3  Default_Handler               
00000ea3  EUSCIA0_IRQHandler            
00000ea3  EUSCIA1_IRQHandler            
00000ea3  EUSCIA2_IRQHandler            
00000ea3  EUSCIA3_IRQHandler            
00000ea3  EUSCIB0_IRQHandler            
00000ea3  EUSCIB1_IRQHandler            
00000ea3  EUSCIB2_IRQHandler            
00000ea3  EUSCIB3_IRQHandler            
00000ea3  FLCTL_IRQHandler              
00000ea3  FPU_IRQHandler                
00000ea3  HardFault_Handler             
00000ea3  MemManage_Handler             
00000ea3  NMI_Handler                   
00000ea3  PCM_IRQHandler                
00000ea3  PORT1_IRQHandler              
00000ea3  PORT2_IRQHandler              
00000ea3  PORT3_IRQHandler              
00000ea3  PORT4_IRQHandler              
00000b9d  PORT5_IRQHandler              
00000b9d  PORT5_IRQHandler              
00000ea3  PORT6_IRQHandler              
200000e0  PS2_X_DIR                     
200000e4  PS2_Y_DIR                     
00000ea3  PSS_IRQHandler                
00000ea3  PendSV_Handler                
00000ea3  RTC_C_IRQHandler              
00000e97  Reset_Handler                 
00000ea3  SVC_Handler                   
20000000  Song                          
00000ea3  SysTick_Handler               
200000ec  SystemCoreClock               
000007ad  SystemCoreClockUpdate         
00000a25  SystemInit                    
00000bb1  T32_INT1_IRQHandler           
00000bb1  T32_INT1_IRQHandler           
00000ea3  T32_INT2_IRQHandler           
00000ea3  T32_INTC_IRQHandler           
00000ea3  TA0_0_IRQHandler              
00000ea3  TA0_N_IRQHandler              
00000ea3  TA1_0_IRQHandler              
00000ea3  TA1_N_IRQHandler              
00000ea3  TA2_0_IRQHandler              
00000ea3  TA2_N_IRQHandler              
00000ea3  TA3_0_IRQHandler              
00000ea3  TA3_N_IRQHandler              
00000ea3  UsageFault_Handler            
4000480c  WDTCTL_SYM                    
00000ea3  WDT_A_IRQHandler              
20010000  __STACK_END                   
00000200  __STACK_SIZE                  
00000f08  __TI_CINIT_Base               
00000f10  __TI_CINIT_Limit              
00000f00  __TI_Handler_Table_Base       
00000f08  __TI_Handler_Table_Limit      
00000df1  __TI_auto_init_nobinit_nopinit
00000d89  __TI_decompress_lzss          
00000e89  __TI_decompress_none          
ffffffff  __TI_pprof_out_hndl           
ffffffff  __TI_prof_data_size           
ffffffff  __TI_prof_data_start          
00000000  __TI_static_base__            
00000ced  __aeabi_memcpy                
00000ced  __aeabi_memcpy4               
00000ced  __aeabi_memcpy8               
ffffffff  __binit__                     
ffffffff  __c_args__                    
UNDEFED   __mpu_init                    
2000fe00  __stack                       
20000000  __start___llvm_prf_cnts       
20000000  __stop___llvm_prf_cnts        
00000e35  _c_int00_noargs               
UNDEFED   _system_post_cinit            
00000ea5  _system_pre_init              
00000ea9  abort                         
ffffffff  binit                         
00000485  ece353_ADC14_PS2_XY           
000005a1  ece353_ADC14_PS2_XY_COMP      
0000067d  ece353_MKII_Buzzer_Init       
000006f9  ece353_MKII_Buzzer_Off        
000006d9  ece353_MKII_Buzzer_On         
00000711  ece353_MKII_Buzzer_Run_Status 
00000327  ece353_MKII_RGB_IO_Init       
000004f1  ece353_MKII_RGB_LED           
00000393  ece353_MKII_RGB_PWM           
0000065d  ece353_MKII_S1                
0000060f  ece353_MKII_S1_Init           
0000066d  ece353_MKII_S2                
00000639  ece353_MKII_S2_Init           
00000205  ece353_RGB_LED                
000001c7  ece353_RGB_LED_Init           
0000055d  ece353_T32_1_Interrupt_Ms     
000002cf  ece353_T32_1_wait             
000002a7  ece353_T32_1_wait_100mS       
000001ad  ece353_button1                
00000165  ece353_button1_init           
000002fd  ece353_button1_wait_for_press 
0000028d  ece353_button2                
0000026d  ece353_button2_init           
00000185  ece353_led1                   
0000014f  ece353_led1_init              
00000b6b  ice05_init_s1                 
00000000  interruptVectors              
00000e69  main                          
00000ced  memcpy                        
00000c0d  music_get_time_delay          
00000cb3  music_play_song               


GLOBAL SYMBOLS: SORTED BY Symbol Address 

address   name                          
-------   ----                          
00000000  __TI_static_base__            
00000000  interruptVectors              
0000014f  ece353_led1_init              
00000165  ece353_button1_init           
00000185  ece353_led1                   
000001ad  ece353_button1                
000001c7  ece353_RGB_LED_Init           
00000200  __STACK_SIZE                  
00000205  ece353_RGB_LED                
0000026d  ece353_button2_init           
0000028d  ece353_button2                
000002a7  ece353_T32_1_wait_100mS       
000002cf  ece353_T32_1_wait             
000002fd  ece353_button1_wait_for_press 
00000327  ece353_MKII_RGB_IO_Init       
00000393  ece353_MKII_RGB_PWM           
00000485  ece353_ADC14_PS2_XY           
000004f1  ece353_MKII_RGB_LED           
0000055d  ece353_T32_1_Interrupt_Ms     
000005a1  ece353_ADC14_PS2_XY_COMP      
0000060f  ece353_MKII_S1_Init           
00000639  ece353_MKII_S2_Init           
0000065d  ece353_MKII_S1                
0000066d  ece353_MKII_S2                
0000067d  ece353_MKII_Buzzer_Init       
000006d9  ece353_MKII_Buzzer_On         
000006f9  ece353_MKII_Buzzer_Off        
00000711  ece353_MKII_Buzzer_Run_Status 
000007ad  SystemCoreClockUpdate         
00000a25  SystemInit                    
00000b6b  ice05_init_s1                 
00000b9d  PORT5_IRQHandler              
00000b9d  PORT5_IRQHandler              
00000bb1  T32_INT1_IRQHandler           
00000bb1  T32_INT1_IRQHandler           
00000bc3  ADC14_IRQHandler              
00000bc3  ADC14_IRQHandler              
00000c0d  music_get_time_delay          
00000cb3  music_play_song               
00000ced  __aeabi_memcpy                
00000ced  __aeabi_memcpy4               
00000ced  __aeabi_memcpy8               
00000ced  memcpy                        
00000d89  __TI_decompress_lzss          
00000df1  __TI_auto_init_nobinit_nopinit
00000e35  _c_int00_noargs               
00000e69  main                          
00000e89  __TI_decompress_none          
00000e97  Reset_Handler                 
00000ea3  AES256_IRQHandler             
00000ea3  BusFault_Handler              
00000ea3  COMP_E0_IRQHandler            
00000ea3  COMP_E1_IRQHandler            
00000ea3  CS_IRQHandler                 
00000ea3  DMA_ERR_IRQHandler            
00000ea3  DMA_INT0_IRQHandler           
00000ea3  DMA_INT1_IRQHandler           
00000ea3  DMA_INT2_IRQHandler           
00000ea3  DMA_INT3_IRQHandler           
00000ea3  DebugMon_Handler              
00000ea3  Default_Handler               
00000ea3  EUSCIA0_IRQHandler            
00000ea3  EUSCIA1_IRQHandler            
00000ea3  EUSCIA2_IRQHandler            
00000ea3  EUSCIA3_IRQHandler            
00000ea3  EUSCIB0_IRQHandler            
00000ea3  EUSCIB1_IRQHandler            
00000ea3  EUSCIB2_IRQHandler            
00000ea3  EUSCIB3_IRQHandler            
00000ea3  FLCTL_IRQHandler              
00000ea3  FPU_IRQHandler                
00000ea3  HardFault_Handler             
00000ea3  MemManage_Handler             
00000ea3  NMI_Handler                   
00000ea3  PCM_IRQHandler                
00000ea3  PORT1_IRQHandler              
00000ea3  PORT2_IRQHandler              
00000ea3  PORT3_IRQHandler              
00000ea3  PORT4_IRQHandler              
00000ea3  PORT6_IRQHandler              
00000ea3  PSS_IRQHandler                
00000ea3  PendSV_Handler                
00000ea3  RTC_C_IRQHandler              
00000ea3  SVC_Handler                   
00000ea3  SysTick_Handler               
00000ea3  T32_INT2_IRQHandler           
00000ea3  T32_INTC_IRQHandler           
00000ea3  TA0_0_IRQHandler              
00000ea3  TA0_N_IRQHandler              
00000ea3  TA1_0_IRQHandler              
00000ea3  TA1_N_IRQHandler              
00000ea3  TA2_0_IRQHandler              
00000ea3  TA2_N_IRQHandler              
00000ea3  TA3_0_IRQHandler              
00000ea3  TA3_N_IRQHandler              
00000ea3  UsageFault_Handler            
00000ea3  WDT_A_IRQHandler              
00000ea5  _system_pre_init              
00000ea9  C$$EXIT                       
00000ea9  abort                         
00000f00  __TI_Handler_Table_Base       
00000f08  __TI_CINIT_Base               
00000f08  __TI_Handler_Table_Limit      
00000f10  __TI_CINIT_Limit              
20000000  Song                          
20000000  __start___llvm_prf_cnts       
20000000  __stop___llvm_prf_cnts        
200000e0  PS2_X_DIR                     
200000e4  PS2_Y_DIR                     
200000e8  BUTTON_PRESSED                
200000ec  SystemCoreClock               
2000fe00  __stack                       
20010000  __STACK_END                   
4000480c  WDTCTL_SYM                    
ffffffff  __TI_pprof_out_hndl           
ffffffff  __TI_prof_data_size           
ffffffff  __TI_prof_data_start          
ffffffff  __binit__                     
ffffffff  __c_args__                    
ffffffff  binit                         
UNDEFED   __mpu_init                    
UNDEFED   _system_post_cinit            

[122 symbols]
