******************************************************************************
                  TI ARM Linker PC v20.2.4                     
******************************************************************************
>> Linked Tue Feb 14 08:51:24 2023

OUTPUT FILE NAME:   <05-ice-io-interrupts.out>
ENTRY POINT SYMBOL: "_c_int00_noargs"  address: 00000991


MEMORY CONFIGURATION

         name            origin    length      used     unused   attr    fill
----------------------  --------  ---------  --------  --------  ----  --------
  MAIN                  00000000   00040000  00000a30  0003f5d0  R  X
  INFO                  00200000   00004000  00000000  00004000  R  X
  SRAM_CODE             01000000   00010000  0000020c  0000fdf4  RW X
  SRAM_DATA             20000000   00010000  0000020c  0000fdf4  RW  


SEGMENT ALLOCATION MAP

run origin  load origin   length   init length attrs members
----------  ----------- ---------- ----------- ----- -------
00000000    00000000    00000a34   00000a34    r-x
  00000000    00000000    000000e4   000000e4    r-- .intvecs
  000000e4    000000e4    00000930   00000930    r-x .text
  00000a18    00000a18    0000001c   0000001c    r-- .cinit
20000000    20000000    0000000c   00000000    rw-
  20000000    20000000    0000000c   00000000    rw- .data
2000fe00    2000fe00    00000200   00000000    rw-
  2000fe00    2000fe00    00000200   00000000    rw- .stack


SECTION ALLOCATION MAP

 output                                  attributes/
section   page    origin      length       input sections
--------  ----  ----------  ----------   ----------------
.intvecs   0    00000000    000000e4     
                  00000000    000000e4     startup_msp432p401r_ccs.obj (.intvecs:retain)

.text      0    000000e4    00000930     
                  000000e4    0000034c     ECE353.obj (.text)
                  00000430    00000334     system_msp432p401r.obj (.text)
                  00000764    000000e4     interrupts.obj (.text)
                  00000848    0000009c     rtsv7M4_T_le_v4SPD16_eabi.lib : memcpy_t2.asm.obj (.text)
                  000008e4    00000068                                   : copy_decompress_lzss.c.obj (.text:decompress:lzss:__TI_decompress_lzss)
                  0000094c    00000044                                   : autoinit.c.obj (.text:__TI_auto_init_nobinit_nopinit:__TI_auto_init_nobinit_nopinit)
                  00000990    00000034                                   : boot_cortex_m.c.obj (.text:_c_int00_noargs:_c_int00_noargs)
                  000009c4    0000002c     main.obj (.text)
                  000009f0    0000000e     rtsv7M4_T_le_v4SPD16_eabi.lib : copy_decompress_none.c.obj (.text:decompress:none:__TI_decompress_none)
                  000009fe    0000000e     startup_msp432p401r_ccs.obj (.text)
                  00000a0c    00000004     rtsv7M4_T_le_v4SPD16_eabi.lib : pre_init.c.obj (.text:_system_pre_init)
                  00000a10    00000004                                   : exit.c.obj (.text:abort:abort)

.cinit     0    00000a18    0000001c     
                  00000a18    0000000b     (.cinit..data.load) [load image, compression = lzss]
                  00000a23    00000001     --HOLE-- [fill = 0]
                  00000a24    00000008     (__TI_handler_table)
                  00000a2c    00000008     (__TI_cinit_table)

.init_array 
*          0    00000000    00000000     UNINITIALIZED

.binit     0    00000000    00000000     

.data      0    20000000    0000000c     UNINITIALIZED
                  20000000    00000004     interrupts.obj (.data)
                  20000004    00000004     main.obj (.data)
                  20000008    00000004     system_msp432p401r.obj (.data)

.stack     0    2000fe00    00000200     UNINITIALIZED
                  2000fe00    00000004     rtsv7M4_T_le_v4SPD16_eabi.lib : boot_cortex_m.c.obj (.stack)
                  2000fe04    000001fc     --HOLE--

__llvm_prf_cnts 
*          0    20000000    00000000     UNINITIALIZED

MODULE SUMMARY

       Module                        code   ro data   rw data
       ------                        ----   -------   -------
    .\
       ECE353.obj                    844    0         0      
       system_msp432p401r.obj        820    0         8      
       startup_msp432p401r_ccs.obj   14     228       0      
       interrupts.obj                228    0         8      
       main.obj                      44     0         8      
    +--+-----------------------------+------+---------+---------+
       Total:                        1950   228       24     
                                                             
    C:\ProgramData\App-V\883E8076-D99D-4911-93C4-940332A6BE1F\BFE39798-EFFD-4CAF-929B-E5A85FC35347\Root\ccs\tools\compiler\ti-cgt-arm_20.2.4.LTS\lib\rtsv7M4_T_le_v4SPD16_eabi.lib
       memcpy_t2.asm.obj             156    0         0      
       copy_decompress_lzss.c.obj    104    0         0      
       autoinit.c.obj                68     0         0      
       boot_cortex_m.c.obj           52     0         0      
       copy_decompress_none.c.obj    14     0         0      
       exit.c.obj                    4      0         0      
       pre_init.c.obj                4      0         0      
    +--+-----------------------------+------+---------+---------+
       Total:                        402    0         0      
                                                             
       Stack:                        0      0         1024   
       Linker Generated:             0      27        0      
    +--+-----------------------------+------+---------+---------+
       Grand Total:                  2352   255       1048   


LINKER GENERATED COPY TABLES

__TI_cinit_table @ 00000a2c records: 1, size/record: 8, table size: 8
	.data: load addr=00000a18, load size=0000000b bytes, run addr=20000000, run size=0000000c bytes, compression=lzss


LINKER GENERATED HANDLER TABLE

__TI_handler_table @ 00000a24 records: 2, size/record: 4, table size: 8
	index: 0, handler: __TI_decompress_lzss
	index: 1, handler: __TI_decompress_none


GLOBAL SYMBOLS: SORTED ALPHABETICALLY BY Name 

address   name                          
-------   ----                          
00000a0b  ADC14_IRQHandler              
00000a0b  AES256_IRQHandler             
20000004  ALERT_BUTTON_PRESSES          
00000a0b  BusFault_Handler              
00000a11  C$$EXIT                       
00000a0b  COMP_E0_IRQHandler            
00000a0b  COMP_E1_IRQHandler            
00000a0b  CS_IRQHandler                 
00000a0b  DMA_ERR_IRQHandler            
00000a0b  DMA_INT0_IRQHandler           
00000a0b  DMA_INT1_IRQHandler           
00000a0b  DMA_INT2_IRQHandler           
00000a0b  DMA_INT3_IRQHandler           
00000a0b  DebugMon_Handler              
00000a0b  Default_Handler               
00000a0b  EUSCIA0_IRQHandler            
00000a0b  EUSCIA1_IRQHandler            
00000a0b  EUSCIA2_IRQHandler            
00000a0b  EUSCIA3_IRQHandler            
00000a0b  EUSCIB0_IRQHandler            
00000a0b  EUSCIB1_IRQHandler            
00000a0b  EUSCIB2_IRQHandler            
00000a0b  EUSCIB3_IRQHandler            
00000a0b  FLCTL_IRQHandler              
00000a0b  FPU_IRQHandler                
00000a0b  HardFault_Handler             
00000a0b  MemManage_Handler             
00000a0b  NMI_Handler                   
00000a0b  PCM_IRQHandler                
00000a0b  PORT1_IRQHandler              
00000a0b  PORT2_IRQHandler              
00000a0b  PORT3_IRQHandler              
00000a0b  PORT4_IRQHandler              
00000801  PORT5_IRQHandler              
00000801  PORT5_IRQHandler              
00000a0b  PORT6_IRQHandler              
00000a0b  PSS_IRQHandler                
00000a0b  PendSV_Handler                
00000a0b  RTC_C_IRQHandler              
000009ff  Reset_Handler                 
00000a0b  SVC_Handler                   
00000a0b  SysTick_Handler               
20000008  SystemCoreClock               
00000431  SystemCoreClockUpdate         
000006a9  SystemInit                    
00000a0b  T32_INT1_IRQHandler           
00000a0b  T32_INT2_IRQHandler           
00000a0b  T32_INTC_IRQHandler           
00000a0b  TA0_0_IRQHandler              
00000a0b  TA0_N_IRQHandler              
00000a0b  TA1_0_IRQHandler              
00000a0b  TA1_N_IRQHandler              
00000a0b  TA2_0_IRQHandler              
00000a0b  TA2_N_IRQHandler              
00000a0b  TA3_0_IRQHandler              
00000a0b  TA3_N_IRQHandler              
00000a0b  UsageFault_Handler            
4000480c  WDTCTL_SYM                    
00000a0b  WDT_A_IRQHandler              
20010000  __STACK_END                   
00000200  __STACK_SIZE                  
00000a2c  __TI_CINIT_Base               
00000a34  __TI_CINIT_Limit              
00000a24  __TI_Handler_Table_Base       
00000a2c  __TI_Handler_Table_Limit      
0000094d  __TI_auto_init_nobinit_nopinit
000008e5  __TI_decompress_lzss          
000009f1  __TI_decompress_none          
ffffffff  __TI_pprof_out_hndl           
ffffffff  __TI_prof_data_size           
ffffffff  __TI_prof_data_start          
00000000  __TI_static_base__            
00000849  __aeabi_memcpy                
00000849  __aeabi_memcpy4               
00000849  __aeabi_memcpy8               
ffffffff  __binit__                     
ffffffff  __c_args__                    
UNDEFED   __mpu_init                    
2000fe00  __stack                       
20000000  __start___llvm_prf_cnts       
20000000  __stop___llvm_prf_cnts        
00000991  _c_int00_noargs               
UNDEFED   _system_post_cinit            
00000a0d  _system_pre_init              
00000a11  abort                         
ffffffff  binit                         
0000028f  ece353_MKII_RGB_IO_Init       
000002fb  ece353_MKII_RGB_PWM           
0000023d  ece353_T32_1_wait_100mS       
00000143  ece353_button1                
000000fb  ece353_button1_init           
00000265  ece353_button1_wait_for_press 
00000223  ece353_button2                
00000203  ece353_button2_init           
0000011b  ece353_led1                   
000000e5  ece353_led1_init              
0000019b  ece353_rgb                    
0000015d  ece353_rgb_init               
000007cf  ice05_init_s1                 
00000000  interruptVectors              
000009c5  main                          
00000849  memcpy                        


GLOBAL SYMBOLS: SORTED BY Symbol Address 

address   name                          
-------   ----                          
00000000  __TI_static_base__            
00000000  interruptVectors              
000000e5  ece353_led1_init              
000000fb  ece353_button1_init           
0000011b  ece353_led1                   
00000143  ece353_button1                
0000015d  ece353_rgb_init               
0000019b  ece353_rgb                    
00000200  __STACK_SIZE                  
00000203  ece353_button2_init           
00000223  ece353_button2                
0000023d  ece353_T32_1_wait_100mS       
00000265  ece353_button1_wait_for_press 
0000028f  ece353_MKII_RGB_IO_Init       
000002fb  ece353_MKII_RGB_PWM           
00000431  SystemCoreClockUpdate         
000006a9  SystemInit                    
000007cf  ice05_init_s1                 
00000801  PORT5_IRQHandler              
00000801  PORT5_IRQHandler              
00000849  __aeabi_memcpy                
00000849  __aeabi_memcpy4               
00000849  __aeabi_memcpy8               
00000849  memcpy                        
000008e5  __TI_decompress_lzss          
0000094d  __TI_auto_init_nobinit_nopinit
00000991  _c_int00_noargs               
000009c5  main                          
000009f1  __TI_decompress_none          
000009ff  Reset_Handler                 
00000a0b  ADC14_IRQHandler              
00000a0b  AES256_IRQHandler             
00000a0b  BusFault_Handler              
00000a0b  COMP_E0_IRQHandler            
00000a0b  COMP_E1_IRQHandler            
00000a0b  CS_IRQHandler                 
00000a0b  DMA_ERR_IRQHandler            
00000a0b  DMA_INT0_IRQHandler           
00000a0b  DMA_INT1_IRQHandler           
00000a0b  DMA_INT2_IRQHandler           
00000a0b  DMA_INT3_IRQHandler           
00000a0b  DebugMon_Handler              
00000a0b  Default_Handler               
00000a0b  EUSCIA0_IRQHandler            
00000a0b  EUSCIA1_IRQHandler            
00000a0b  EUSCIA2_IRQHandler            
00000a0b  EUSCIA3_IRQHandler            
00000a0b  EUSCIB0_IRQHandler            
00000a0b  EUSCIB1_IRQHandler            
00000a0b  EUSCIB2_IRQHandler            
00000a0b  EUSCIB3_IRQHandler            
00000a0b  FLCTL_IRQHandler              
00000a0b  FPU_IRQHandler                
00000a0b  HardFault_Handler             
00000a0b  MemManage_Handler             
00000a0b  NMI_Handler                   
00000a0b  PCM_IRQHandler                
00000a0b  PORT1_IRQHandler              
00000a0b  PORT2_IRQHandler              
00000a0b  PORT3_IRQHandler              
00000a0b  PORT4_IRQHandler              
00000a0b  PORT6_IRQHandler              
00000a0b  PSS_IRQHandler                
00000a0b  PendSV_Handler                
00000a0b  RTC_C_IRQHandler              
00000a0b  SVC_Handler                   
00000a0b  SysTick_Handler               
00000a0b  T32_INT1_IRQHandler           
00000a0b  T32_INT2_IRQHandler           
00000a0b  T32_INTC_IRQHandler           
00000a0b  TA0_0_IRQHandler              
00000a0b  TA0_N_IRQHandler              
00000a0b  TA1_0_IRQHandler              
00000a0b  TA1_N_IRQHandler              
00000a0b  TA2_0_IRQHandler              
00000a0b  TA2_N_IRQHandler              
00000a0b  TA3_0_IRQHandler              
00000a0b  TA3_N_IRQHandler              
00000a0b  UsageFault_Handler            
00000a0b  WDT_A_IRQHandler              
00000a0d  _system_pre_init              
00000a11  C$$EXIT                       
00000a11  abort                         
00000a24  __TI_Handler_Table_Base       
00000a2c  __TI_CINIT_Base               
00000a2c  __TI_Handler_Table_Limit      
00000a34  __TI_CINIT_Limit              
20000000  __start___llvm_prf_cnts       
20000000  __stop___llvm_prf_cnts        
20000004  ALERT_BUTTON_PRESSES          
20000008  SystemCoreClock               
2000fe00  __stack                       
20010000  __STACK_END                   
4000480c  WDTCTL_SYM                    
ffffffff  __TI_pprof_out_hndl           
ffffffff  __TI_prof_data_size           
ffffffff  __TI_prof_data_start          
ffffffff  __binit__                     
ffffffff  __c_args__                    
ffffffff  binit                         
UNDEFED   __mpu_init                    
UNDEFED   _system_post_cinit            

[102 symbols]
