******************************************************************************
                  TI ARM Linker PC v20.2.4                     
******************************************************************************
>> Linked Thu Feb  9 08:56:42 2023

OUTPUT FILE NAME:   <04-ice-timerA-pwm.out>
ENTRY POINT SYMBOL: "_c_int00_noargs"  address: 000008ad


MEMORY CONFIGURATION

         name            origin    length      used     unused   attr    fill
----------------------  --------  ---------  --------  --------  ----  --------
  MAIN                  00000000   00040000  0000093c  0003f6c4  R  X
  INFO                  00200000   00004000  00000000  00004000  R  X
  SRAM_CODE             01000000   00010000  00000204  0000fdfc  RW X
  SRAM_DATA             20000000   00010000  00000204  0000fdfc  RW  


SEGMENT ALLOCATION MAP

run origin  load origin   length   init length attrs members
----------  ----------- ---------- ----------- ----- -------
00000000    00000000    00000940   00000940    r-x
  00000000    00000000    000000e4   000000e4    r-- .intvecs
  000000e4    000000e4    00000840   00000840    r-x .text
  00000928    00000928    00000018   00000018    r-- .cinit
20000000    20000000    00000004   00000000    rw-
  20000000    20000000    00000004   00000000    rw- .data
2000fe00    2000fe00    00000200   00000000    rw-
  2000fe00    2000fe00    00000200   00000000    rw- .stack


SECTION ALLOCATION MAP

 output                                  attributes/
section   page    origin      length       input sections
--------  ----  ----------  ----------   ----------------
.intvecs   0    00000000    000000e4     
                  00000000    000000e4     startup_msp432p401r_ccs.obj (.intvecs:retain)

.text      0    000000e4    00000840     
                  000000e4    0000034c     ECE353.obj (.text)
                  00000430    00000334     system_msp432p401r.obj (.text)
                  00000764    0000009c     rtsv7M4_T_le_v4SPD16_eabi.lib : memcpy_t2.asm.obj (.text)
                  00000800    00000068                                   : copy_decompress_lzss.c.obj (.text:decompress:lzss:__TI_decompress_lzss)
                  00000868    00000044                                   : autoinit.c.obj (.text:__TI_auto_init_nobinit_nopinit:__TI_auto_init_nobinit_nopinit)
                  000008ac    00000034                                   : boot_cortex_m.c.obj (.text:_c_int00_noargs:_c_int00_noargs)
                  000008e0    00000020     main.obj (.text)
                  00000900    0000000e     rtsv7M4_T_le_v4SPD16_eabi.lib : copy_decompress_none.c.obj (.text:decompress:none:__TI_decompress_none)
                  0000090e    0000000e     startup_msp432p401r_ccs.obj (.text)
                  0000091c    00000004     rtsv7M4_T_le_v4SPD16_eabi.lib : pre_init.c.obj (.text:_system_pre_init)
                  00000920    00000004                                   : exit.c.obj (.text:abort:abort)

.cinit     0    00000928    00000018     
                  00000928    00000008     (.cinit..data.load) [load image, compression = lzss]
                  00000930    00000008     (__TI_handler_table)
                  00000938    00000008     (__TI_cinit_table)

.init_array 
*          0    00000000    00000000     UNINITIALIZED

.binit     0    00000000    00000000     

.data      0    20000000    00000004     UNINITIALIZED
                  20000000    00000004     system_msp432p401r.obj (.data)

.stack     0    2000fe00    00000200     UNINITIALIZED
                  2000fe00    00000004     rtsv7M4_T_le_v4SPD16_eabi.lib : boot_cortex_m.c.obj (.stack)
                  2000fe04    000001fc     --HOLE--

__llvm_prf_cnts 
*          0    20000000    00000000     UNINITIALIZED

MODULE SUMMARY

       Module                        code   ro data   rw data
       ------                        ----   -------   -------
    .\
       ECE353.obj                    844    0         0      
       system_msp432p401r.obj        820    0         8      
       startup_msp432p401r_ccs.obj   14     228       0      
       main.obj                      32     0         0      
    +--+-----------------------------+------+---------+---------+
       Total:                        1710   228       8      
                                                             
    C:\ProgramData\App-V\883E8076-D99D-4911-93C4-940332A6BE1F\BFE39798-EFFD-4CAF-929B-E5A85FC35347\Root\ccs\tools\compiler\ti-cgt-arm_20.2.4.LTS\lib\rtsv7M4_T_le_v4SPD16_eabi.lib
       memcpy_t2.asm.obj             156    0         0      
       copy_decompress_lzss.c.obj    104    0         0      
       autoinit.c.obj                68     0         0      
       boot_cortex_m.c.obj           52     0         0      
       copy_decompress_none.c.obj    14     0         0      
       exit.c.obj                    4      0         0      
       pre_init.c.obj                4      0         0      
    +--+-----------------------------+------+---------+---------+
       Total:                        402    0         0      
                                                             
       Stack:                        0      0         1024   
       Linker Generated:             0      24        0      
    +--+-----------------------------+------+---------+---------+
       Grand Total:                  2112   252       1032   


LINKER GENERATED COPY TABLES

__TI_cinit_table @ 00000938 records: 1, size/record: 8, table size: 8
	.data: load addr=00000928, load size=00000008 bytes, run addr=20000000, run size=00000004 bytes, compression=lzss


LINKER GENERATED HANDLER TABLE

__TI_handler_table @ 00000930 records: 2, size/record: 4, table size: 8
	index: 0, handler: __TI_decompress_lzss
	index: 1, handler: __TI_decompress_none


GLOBAL SYMBOLS: SORTED ALPHABETICALLY BY Name 

address   name                          
-------   ----                          
0000091b  ADC14_IRQHandler              
0000091b  AES256_IRQHandler             
0000091b  BusFault_Handler              
00000921  C$$EXIT                       
0000091b  COMP_E0_IRQHandler            
0000091b  COMP_E1_IRQHandler            
0000091b  CS_IRQHandler                 
0000091b  DMA_ERR_IRQHandler            
0000091b  DMA_INT0_IRQHandler           
0000091b  DMA_INT1_IRQHandler           
0000091b  DMA_INT2_IRQHandler           
0000091b  DMA_INT3_IRQHandler           
0000091b  DebugMon_Handler              
0000091b  Default_Handler               
0000091b  EUSCIA0_IRQHandler            
0000091b  EUSCIA1_IRQHandler            
0000091b  EUSCIA2_IRQHandler            
0000091b  EUSCIA3_IRQHandler            
0000091b  EUSCIB0_IRQHandler            
0000091b  EUSCIB1_IRQHandler            
0000091b  EUSCIB2_IRQHandler            
0000091b  EUSCIB3_IRQHandler            
0000091b  FLCTL_IRQHandler              
0000091b  FPU_IRQHandler                
0000091b  HardFault_Handler             
0000091b  MemManage_Handler             
0000091b  NMI_Handler                   
0000091b  PCM_IRQHandler                
0000091b  PORT1_IRQHandler              
0000091b  PORT2_IRQHandler              
0000091b  PORT3_IRQHandler              
0000091b  PORT4_IRQHandler              
0000091b  PORT5_IRQHandler              
0000091b  PORT6_IRQHandler              
0000091b  PSS_IRQHandler                
0000091b  PendSV_Handler                
0000091b  RTC_C_IRQHandler              
0000090f  Reset_Handler                 
0000091b  SVC_Handler                   
0000091b  SysTick_Handler               
20000000  SystemCoreClock               
00000431  SystemCoreClockUpdate         
000006a9  SystemInit                    
0000091b  T32_INT1_IRQHandler           
0000091b  T32_INT2_IRQHandler           
0000091b  T32_INTC_IRQHandler           
0000091b  TA0_0_IRQHandler              
0000091b  TA0_N_IRQHandler              
0000091b  TA1_0_IRQHandler              
0000091b  TA1_N_IRQHandler              
0000091b  TA2_0_IRQHandler              
0000091b  TA2_N_IRQHandler              
0000091b  TA3_0_IRQHandler              
0000091b  TA3_N_IRQHandler              
0000091b  UsageFault_Handler            
4000480c  WDTCTL_SYM                    
0000091b  WDT_A_IRQHandler              
20010000  __STACK_END                   
00000200  __STACK_SIZE                  
00000938  __TI_CINIT_Base               
00000940  __TI_CINIT_Limit              
00000930  __TI_Handler_Table_Base       
00000938  __TI_Handler_Table_Limit      
00000869  __TI_auto_init_nobinit_nopinit
00000801  __TI_decompress_lzss          
00000901  __TI_decompress_none          
ffffffff  __TI_pprof_out_hndl           
ffffffff  __TI_prof_data_size           
ffffffff  __TI_prof_data_start          
00000000  __TI_static_base__            
00000765  __aeabi_memcpy                
00000765  __aeabi_memcpy4               
00000765  __aeabi_memcpy8               
ffffffff  __binit__                     
ffffffff  __c_args__                    
UNDEFED   __mpu_init                    
2000fe00  __stack                       
20000000  __start___llvm_prf_cnts       
20000000  __stop___llvm_prf_cnts        
000008ad  _c_int00_noargs               
UNDEFED   _system_post_cinit            
0000091d  _system_pre_init              
00000921  abort                         
ffffffff  binit                         
0000028f  ece353_MKII_RGB_IO_Init       
000002fb  ece353_MKII_RGB_PWM           
0000023d  ece353_T32_1_wait_100mS       
00000143  ece353_button1                
000000fb  ece353_button1_init           
00000265  ece353_button1_wait_for_press 
00000223  ece353_button2                
00000203  ece353_button2_init           
0000011b  ece353_led1                   
000000e5  ece353_led1_init              
0000019b  ece353_rgb                    
0000015d  ece353_rgb_init               
00000000  interruptVectors              
000008e1  main                          
00000765  memcpy                        


GLOBAL SYMBOLS: SORTED BY Symbol Address 

address   name                          
-------   ----                          
00000000  __TI_static_base__            
00000000  interruptVectors              
000000e5  ece353_led1_init              
000000fb  ece353_button1_init           
0000011b  ece353_led1                   
00000143  ece353_button1                
0000015d  ece353_rgb_init               
0000019b  ece353_rgb                    
00000200  __STACK_SIZE                  
00000203  ece353_button2_init           
00000223  ece353_button2                
0000023d  ece353_T32_1_wait_100mS       
00000265  ece353_button1_wait_for_press 
0000028f  ece353_MKII_RGB_IO_Init       
000002fb  ece353_MKII_RGB_PWM           
00000431  SystemCoreClockUpdate         
000006a9  SystemInit                    
00000765  __aeabi_memcpy                
00000765  __aeabi_memcpy4               
00000765  __aeabi_memcpy8               
00000765  memcpy                        
00000801  __TI_decompress_lzss          
00000869  __TI_auto_init_nobinit_nopinit
000008ad  _c_int00_noargs               
000008e1  main                          
00000901  __TI_decompress_none          
0000090f  Reset_Handler                 
0000091b  ADC14_IRQHandler              
0000091b  AES256_IRQHandler             
0000091b  BusFault_Handler              
0000091b  COMP_E0_IRQHandler            
0000091b  COMP_E1_IRQHandler            
0000091b  CS_IRQHandler                 
0000091b  DMA_ERR_IRQHandler            
0000091b  DMA_INT0_IRQHandler           
0000091b  DMA_INT1_IRQHandler           
0000091b  DMA_INT2_IRQHandler           
0000091b  DMA_INT3_IRQHandler           
0000091b  DebugMon_Handler              
0000091b  Default_Handler               
0000091b  EUSCIA0_IRQHandler            
0000091b  EUSCIA1_IRQHandler            
0000091b  EUSCIA2_IRQHandler            
0000091b  EUSCIA3_IRQHandler            
0000091b  EUSCIB0_IRQHandler            
0000091b  EUSCIB1_IRQHandler            
0000091b  EUSCIB2_IRQHandler            
0000091b  EUSCIB3_IRQHandler            
0000091b  FLCTL_IRQHandler              
0000091b  FPU_IRQHandler                
0000091b  HardFault_Handler             
0000091b  MemManage_Handler             
0000091b  NMI_Handler                   
0000091b  PCM_IRQHandler                
0000091b  PORT1_IRQHandler              
0000091b  PORT2_IRQHandler              
0000091b  PORT3_IRQHandler              
0000091b  PORT4_IRQHandler              
0000091b  PORT5_IRQHandler              
0000091b  PORT6_IRQHandler              
0000091b  PSS_IRQHandler                
0000091b  PendSV_Handler                
0000091b  RTC_C_IRQHandler              
0000091b  SVC_Handler                   
0000091b  SysTick_Handler               
0000091b  T32_INT1_IRQHandler           
0000091b  T32_INT2_IRQHandler           
0000091b  T32_INTC_IRQHandler           
0000091b  TA0_0_IRQHandler              
0000091b  TA0_N_IRQHandler              
0000091b  TA1_0_IRQHandler              
0000091b  TA1_N_IRQHandler              
0000091b  TA2_0_IRQHandler              
0000091b  TA2_N_IRQHandler              
0000091b  TA3_0_IRQHandler              
0000091b  TA3_N_IRQHandler              
0000091b  UsageFault_Handler            
0000091b  WDT_A_IRQHandler              
0000091d  _system_pre_init              
00000921  C$$EXIT                       
00000921  abort                         
00000930  __TI_Handler_Table_Base       
00000938  __TI_CINIT_Base               
00000938  __TI_Handler_Table_Limit      
00000940  __TI_CINIT_Limit              
20000000  SystemCoreClock               
20000000  __start___llvm_prf_cnts       
20000000  __stop___llvm_prf_cnts        
2000fe00  __stack                       
20010000  __STACK_END                   
4000480c  WDTCTL_SYM                    
ffffffff  __TI_pprof_out_hndl           
ffffffff  __TI_prof_data_size           
ffffffff  __TI_prof_data_start          
ffffffff  __binit__                     
ffffffff  __c_args__                    
ffffffff  binit                         
UNDEFED   __mpu_init                    
UNDEFED   _system_post_cinit            

[99 symbols]
