******************************************************************************
                  TI ARM Linker PC v20.2.4                     
******************************************************************************
>> Linked Thu Mar  9 08:46:41 2023

OUTPUT FILE NAME:   <09-ice-circular-buffer.out>
ENTRY POINT SYMBOL: "_c_int00_noargs"  address: 000009a5


MEMORY CONFIGURATION

         name            origin    length      used     unused   attr    fill
----------------------  --------  ---------  --------  --------  ----  --------
  MAIN                  00000000   00040000  00000a8c  0003f574  R  X
  INFO                  00200000   00004000  00000000  00004000  R  X
  SRAM_CODE             01000000   00010000  00000614  0000f9ec  RW X
  SRAM_DATA             20000000   00010000  00000614  0000f9ec  RW  


SEGMENT ALLOCATION MAP

run origin  load origin   length   init length attrs members
----------  ----------- ---------- ----------- ----- -------
00000000    00000000    00000a8c   00000a8c    r-x
  00000000    00000000    000000e4   000000e4    r-- .intvecs
  000000e4    000000e4    00000984   00000984    r-x .text
  00000a68    00000a68    00000024   00000024    r-- .cinit
20000000    20000000    00000414   00000000    rw-
  20000000    20000000    00000400   00000000    rw- .sysmem
  20000400    20000400    00000014   00000000    rw- .data
2000fe00    2000fe00    00000200   00000000    rw-
  2000fe00    2000fe00    00000200   00000000    rw- .stack


SECTION ALLOCATION MAP

 output                                  attributes/
section   page    origin      length       input sections
--------  ----  ----------  ----------   ----------------
.intvecs   0    00000000    000000e4     
                  00000000    000000e4     startup_msp432p401r_ccs.obj (.intvecs:retain)

.text      0    000000e4    00000984     
                  000000e4    00000334     system_msp432p401r.obj (.text)
                  00000418    000001b0     circular_buffer.obj (.text)
                  000005c8    00000100     rtsv7M4_T_le_v4SPD16_eabi.lib : memory.c.obj (.text:aligned_alloc)
                  000006c8    000000e4                                   : memory.c.obj (.text:free)
                  000007ac    0000009c                                   : memcpy_t2.asm.obj (.text)
                  00000848    00000070                                   : memory.c.obj (.text:split)
                  000008b8    00000068                                   : copy_decompress_lzss.c.obj (.text:decompress:lzss:__TI_decompress_lzss)
                  00000920    00000044                                   : autoinit.c.obj (.text:__TI_auto_init_nobinit_nopinit:__TI_auto_init_nobinit_nopinit)
                  00000964    00000040                                   : u_divt2.asm.obj (.text)
                  000009a4    00000034                                   : boot_cortex_m.c.obj (.text:_c_int00_noargs:_c_int00_noargs)
                  000009d8    00000028                                   : memory.c.obj (.text:free_list_insert)
                  00000a00    0000001c                                   : memory.c.obj (.text:free_list_remove)
                  00000a1c    0000001c     main.obj (.text)
                  00000a38    0000000e     rtsv7M4_T_le_v4SPD16_eabi.lib : copy_decompress_none.c.obj (.text:decompress:none:__TI_decompress_none)
                  00000a46    0000000e     startup_msp432p401r_ccs.obj (.text)
                  00000a54    00000008     rtsv7M4_T_le_v4SPD16_eabi.lib : memory.c.obj (.text:malloc)
                  00000a5c    00000004                                   : pre_init.c.obj (.text:_system_pre_init)
                  00000a60    00000004                                   : exit.c.obj (.text:abort:abort)
                  00000a64    00000002                                   : _lock.c.obj (.text:_nop)
                  00000a66    00000002                                   : div0.asm.obj (.text)

.cinit     0    00000a68    00000024     
                  00000a68    00000011     (.cinit..data.load) [load image, compression = lzss]
                  00000a79    00000003     --HOLE-- [fill = 0]
                  00000a7c    00000008     (__TI_handler_table)
                  00000a84    00000008     (__TI_cinit_table)

.init_array 
*          0    00000000    00000000     UNINITIALIZED

.binit     0    00000000    00000000     

.data      0    20000400    00000014     UNINITIALIZED
                  20000400    00000008     rtsv7M4_T_le_v4SPD16_eabi.lib : _lock.c.obj (.data:$O1$$)
                  20000408    00000008                                   : memory.c.obj (.data:$O1$$)
                  20000410    00000004     system_msp432p401r.obj (.data)

.sysmem    0    20000000    00000400     UNINITIALIZED
                  20000000    00000010     rtsv7M4_T_le_v4SPD16_eabi.lib : memory.c.obj (.sysmem)
                  20000010    000003f0     --HOLE--

.stack     0    2000fe00    00000200     UNINITIALIZED
                  2000fe00    00000004     rtsv7M4_T_le_v4SPD16_eabi.lib : boot_cortex_m.c.obj (.stack)
                  2000fe04    000001fc     --HOLE--

__llvm_prf_cnts 
*          0    20000000    00000000     UNINITIALIZED

MODULE SUMMARY

       Module                        code   ro data   rw data
       ------                        ----   -------   -------
    .\
       system_msp432p401r.obj        820    0         8      
       circular_buffer.obj           432    0         0      
       startup_msp432p401r_ccs.obj   14     228       0      
       main.obj                      28     0         0      
    +--+-----------------------------+------+---------+---------+
       Total:                        1294   228       8      
                                                             
    C:\ProgramData\App-V\883E8076-D99D-4911-93C4-940332A6BE1F\BFE39798-EFFD-4CAF-929B-E5A85FC35347\Root\ccs\tools\compiler\ti-cgt-arm_20.2.4.LTS\lib\rtsv7M4_T_le_v4SPD16_eabi.lib
       memory.c.obj                  672    0         16     
       memcpy_t2.asm.obj             156    0         0      
       copy_decompress_lzss.c.obj    104    0         0      
       autoinit.c.obj                68     0         0      
       u_divt2.asm.obj               64     0         0      
       boot_cortex_m.c.obj           52     0         0      
       _lock.c.obj                   2      0         16     
       copy_decompress_none.c.obj    14     0         0      
       exit.c.obj                    4      0         0      
       pre_init.c.obj                4      0         0      
       div0.asm.obj                  2      0         0      
    +--+-----------------------------+------+---------+---------+
       Total:                        1142   0         32     
                                                             
       Heap:                         0      0         2048   
       Stack:                        0      0         1024   
       Linker Generated:             0      33        0      
    +--+-----------------------------+------+---------+---------+
       Grand Total:                  2436   261       3112   


LINKER GENERATED COPY TABLES

__TI_cinit_table @ 00000a84 records: 1, size/record: 8, table size: 8
	.data: load addr=00000a68, load size=00000011 bytes, run addr=20000400, run size=00000014 bytes, compression=lzss


LINKER GENERATED HANDLER TABLE

__TI_handler_table @ 00000a7c records: 2, size/record: 4, table size: 8
	index: 0, handler: __TI_decompress_lzss
	index: 1, handler: __TI_decompress_none


GLOBAL SYMBOLS: SORTED ALPHABETICALLY BY Name 

address   name                          
-------   ----                          
00000a53  ADC14_IRQHandler              
00000a53  AES256_IRQHandler             
00000a53  BusFault_Handler              
00000a61  C$$EXIT                       
00000a53  COMP_E0_IRQHandler            
00000a53  COMP_E1_IRQHandler            
00000a53  CS_IRQHandler                 
00000a53  DMA_ERR_IRQHandler            
00000a53  DMA_INT0_IRQHandler           
00000a53  DMA_INT1_IRQHandler           
00000a53  DMA_INT2_IRQHandler           
00000a53  DMA_INT3_IRQHandler           
00000a53  DebugMon_Handler              
00000a53  Default_Handler               
00000a53  EUSCIA0_IRQHandler            
00000a53  EUSCIA1_IRQHandler            
00000a53  EUSCIA2_IRQHandler            
00000a53  EUSCIA3_IRQHandler            
00000a53  EUSCIB0_IRQHandler            
00000a53  EUSCIB1_IRQHandler            
00000a53  EUSCIB2_IRQHandler            
00000a53  EUSCIB3_IRQHandler            
00000a53  FLCTL_IRQHandler              
00000a53  FPU_IRQHandler                
00000a53  HardFault_Handler             
00000a53  MemManage_Handler             
00000a53  NMI_Handler                   
00000a53  PCM_IRQHandler                
00000a53  PORT1_IRQHandler              
00000a53  PORT2_IRQHandler              
00000a53  PORT3_IRQHandler              
00000a53  PORT4_IRQHandler              
00000a53  PORT5_IRQHandler              
00000a53  PORT6_IRQHandler              
00000a53  PSS_IRQHandler                
00000a53  PendSV_Handler                
00000a53  RTC_C_IRQHandler              
00000a47  Reset_Handler                 
00000a53  SVC_Handler                   
00000a53  SysTick_Handler               
20000410  SystemCoreClock               
000000e5  SystemCoreClockUpdate         
0000035d  SystemInit                    
00000a53  T32_INT1_IRQHandler           
00000a53  T32_INT2_IRQHandler           
00000a53  T32_INTC_IRQHandler           
00000a53  TA0_0_IRQHandler              
00000a53  TA0_N_IRQHandler              
00000a53  TA1_0_IRQHandler              
00000a53  TA1_N_IRQHandler              
00000a53  TA2_0_IRQHandler              
00000a53  TA2_N_IRQHandler              
00000a53  TA3_0_IRQHandler              
00000a53  TA3_N_IRQHandler              
00000a53  UsageFault_Handler            
4000480c  WDTCTL_SYM                    
00000a53  WDT_A_IRQHandler              
20010000  __STACK_END                   
00000200  __STACK_SIZE                  
00000400  __SYSMEM_SIZE                 
00000a84  __TI_CINIT_Base               
00000a8c  __TI_CINIT_Limit              
00000a7c  __TI_Handler_Table_Base       
00000a84  __TI_Handler_Table_Limit      
00000921  __TI_auto_init_nobinit_nopinit
000008b9  __TI_decompress_lzss          
00000a39  __TI_decompress_none          
ffffffff  __TI_pprof_out_hndl           
ffffffff  __TI_prof_data_size           
ffffffff  __TI_prof_data_start          
00000000  __TI_static_base__            
00000a67  __aeabi_idiv0                 
00000a67  __aeabi_ldiv0                 
000007ad  __aeabi_memcpy                
000007ad  __aeabi_memcpy4               
000007ad  __aeabi_memcpy8               
00000965  __aeabi_uidiv                 
00000965  __aeabi_uidivmod              
ffffffff  __binit__                     
ffffffff  __c_args__                    
UNDEFED   __mpu_init                    
2000fe00  __stack                       
20000000  __start___llvm_prf_cnts       
20000000  __stop___llvm_prf_cnts        
000009a5  _c_int00_noargs               
20000400  _lock                         
00000a65  _nop                          
20000000  _sys_memory                   
UNDEFED   _system_post_cinit            
00000a5d  _system_pre_init              
20000404  _unlock                       
00000a61  abort                         
000005c9  aligned_alloc                 
ffffffff  binit                         
0000045f  circular_buffer_add           
0000044b  circular_buffer_delete        
000004c9  circular_buffer_empty         
000004e5  circular_buffer_full          
00000419  circular_buffer_init          
00000495  circular_buffer_remove        
00000507  circular_buffer_test_0        
000006c9  free                          
00000000  interruptVectors              
00000a1d  main                          
00000a55  malloc                        
000005c9  memalign                      
000007ad  memcpy                        


GLOBAL SYMBOLS: SORTED BY Symbol Address 

address   name                          
-------   ----                          
00000000  __TI_static_base__            
00000000  interruptVectors              
000000e5  SystemCoreClockUpdate         
00000200  __STACK_SIZE                  
0000035d  SystemInit                    
00000400  __SYSMEM_SIZE                 
00000419  circular_buffer_init          
0000044b  circular_buffer_delete        
0000045f  circular_buffer_add           
00000495  circular_buffer_remove        
000004c9  circular_buffer_empty         
000004e5  circular_buffer_full          
00000507  circular_buffer_test_0        
000005c9  aligned_alloc                 
000005c9  memalign                      
000006c9  free                          
000007ad  __aeabi_memcpy                
000007ad  __aeabi_memcpy4               
000007ad  __aeabi_memcpy8               
000007ad  memcpy                        
000008b9  __TI_decompress_lzss          
00000921  __TI_auto_init_nobinit_nopinit
00000965  __aeabi_uidiv                 
00000965  __aeabi_uidivmod              
000009a5  _c_int00_noargs               
00000a1d  main                          
00000a39  __TI_decompress_none          
00000a47  Reset_Handler                 
00000a53  ADC14_IRQHandler              
00000a53  AES256_IRQHandler             
00000a53  BusFault_Handler              
00000a53  COMP_E0_IRQHandler            
00000a53  COMP_E1_IRQHandler            
00000a53  CS_IRQHandler                 
00000a53  DMA_ERR_IRQHandler            
00000a53  DMA_INT0_IRQHandler           
00000a53  DMA_INT1_IRQHandler           
00000a53  DMA_INT2_IRQHandler           
00000a53  DMA_INT3_IRQHandler           
00000a53  DebugMon_Handler              
00000a53  Default_Handler               
00000a53  EUSCIA0_IRQHandler            
00000a53  EUSCIA1_IRQHandler            
00000a53  EUSCIA2_IRQHandler            
00000a53  EUSCIA3_IRQHandler            
00000a53  EUSCIB0_IRQHandler            
00000a53  EUSCIB1_IRQHandler            
00000a53  EUSCIB2_IRQHandler            
00000a53  EUSCIB3_IRQHandler            
00000a53  FLCTL_IRQHandler              
00000a53  FPU_IRQHandler                
00000a53  HardFault_Handler             
00000a53  MemManage_Handler             
00000a53  NMI_Handler                   
00000a53  PCM_IRQHandler                
00000a53  PORT1_IRQHandler              
00000a53  PORT2_IRQHandler              
00000a53  PORT3_IRQHandler              
00000a53  PORT4_IRQHandler              
00000a53  PORT5_IRQHandler              
00000a53  PORT6_IRQHandler              
00000a53  PSS_IRQHandler                
00000a53  PendSV_Handler                
00000a53  RTC_C_IRQHandler              
00000a53  SVC_Handler                   
00000a53  SysTick_Handler               
00000a53  T32_INT1_IRQHandler           
00000a53  T32_INT2_IRQHandler           
00000a53  T32_INTC_IRQHandler           
00000a53  TA0_0_IRQHandler              
00000a53  TA0_N_IRQHandler              
00000a53  TA1_0_IRQHandler              
00000a53  TA1_N_IRQHandler              
00000a53  TA2_0_IRQHandler              
00000a53  TA2_N_IRQHandler              
00000a53  TA3_0_IRQHandler              
00000a53  TA3_N_IRQHandler              
00000a53  UsageFault_Handler            
00000a53  WDT_A_IRQHandler              
00000a55  malloc                        
00000a5d  _system_pre_init              
00000a61  C$$EXIT                       
00000a61  abort                         
00000a65  _nop                          
00000a67  __aeabi_idiv0                 
00000a67  __aeabi_ldiv0                 
00000a7c  __TI_Handler_Table_Base       
00000a84  __TI_CINIT_Base               
00000a84  __TI_Handler_Table_Limit      
00000a8c  __TI_CINIT_Limit              
20000000  __start___llvm_prf_cnts       
20000000  __stop___llvm_prf_cnts        
20000000  _sys_memory                   
20000400  _lock                         
20000404  _unlock                       
20000410  SystemCoreClock               
2000fe00  __stack                       
20010000  __STACK_END                   
4000480c  WDTCTL_SYM                    
ffffffff  __TI_pprof_out_hndl           
ffffffff  __TI_prof_data_size           
ffffffff  __TI_prof_data_start          
ffffffff  __binit__                     
ffffffff  __c_args__                    
ffffffff  binit                         
UNDEFED   __mpu_init                    
UNDEFED   _system_post_cinit            

[107 symbols]
