******************************************************************************
                  TI ARM Linker PC v20.2.4                     
******************************************************************************
>> Linked Thu Feb 16 09:11:31 2023

OUTPUT FILE NAME:   <06-ice-ADC14-PS2-XY.out>
ENTRY POINT SYMBOL: "_c_int00_noargs"  address: 00000bc5


MEMORY CONFIGURATION

         name            origin    length      used     unused   attr    fill
----------------------  --------  ---------  --------  --------  ----  --------
  MAIN                  00000000   00040000  00000c3c  0003f3c4  R  X
  INFO                  00200000   00004000  00000000  00004000  R  X
  SRAM_CODE             01000000   00010000  00000214  0000fdec  RW X
  SRAM_DATA             20000000   00010000  00000214  0000fdec  RW  


SEGMENT ALLOCATION MAP

run origin  load origin   length   init length attrs members
----------  ----------- ---------- ----------- ----- -------
00000000    00000000    00000c40   00000c40    r-x
  00000000    00000000    000000e4   000000e4    r-- .intvecs
  000000e4    000000e4    00000b38   00000b38    r-x .text
  00000c20    00000c20    00000020   00000020    r-- .cinit
20000000    20000000    00000014   00000000    rw-
  20000000    20000000    00000014   00000000    rw- .data
2000fe00    2000fe00    00000200   00000000    rw-
  2000fe00    2000fe00    00000200   00000000    rw- .stack


SECTION ALLOCATION MAP

 output                                  attributes/
section   page    origin      length       input sections
--------  ----  ----------  ----------   ----------------
.intvecs   0    00000000    000000e4     
                  00000000    000000e4     startup_msp432p401r_ccs.obj (.intvecs:retain)

.text      0    000000e4    00000b38     
                  000000e4    000004a0     ECE353.obj (.text)
                  00000584    00000334     system_msp432p401r.obj (.text)
                  000008b8    00000120     interrupts.obj (.text)
                  000009d8    000000a4     main.obj (.text)
                  00000a7c    0000009c     rtsv7M4_T_le_v4SPD16_eabi.lib : memcpy_t2.asm.obj (.text)
                  00000b18    00000068                                   : copy_decompress_lzss.c.obj (.text:decompress:lzss:__TI_decompress_lzss)
                  00000b80    00000044                                   : autoinit.c.obj (.text:__TI_auto_init_nobinit_nopinit:__TI_auto_init_nobinit_nopinit)
                  00000bc4    00000034                                   : boot_cortex_m.c.obj (.text:_c_int00_noargs:_c_int00_noargs)
                  00000bf8    0000000e                                   : copy_decompress_none.c.obj (.text:decompress:none:__TI_decompress_none)
                  00000c06    0000000e     startup_msp432p401r_ccs.obj (.text)
                  00000c14    00000004     rtsv7M4_T_le_v4SPD16_eabi.lib : pre_init.c.obj (.text:_system_pre_init)
                  00000c18    00000004                                   : exit.c.obj (.text:abort:abort)

.cinit     0    00000c20    00000020     
                  00000c20    00000010     (.cinit..data.load) [load image, compression = lzss]
                  00000c30    00000008     (__TI_handler_table)
                  00000c38    00000008     (__TI_cinit_table)

.init_array 
*          0    00000000    00000000     UNINITIALIZED

.binit     0    00000000    00000000     

.data      0    20000000    00000014     UNINITIALIZED
                  20000000    00000010     interrupts.obj (.data)
                  20000010    00000004     system_msp432p401r.obj (.data)

.stack     0    2000fe00    00000200     UNINITIALIZED
                  2000fe00    00000004     rtsv7M4_T_le_v4SPD16_eabi.lib : boot_cortex_m.c.obj (.stack)
                  2000fe04    000001fc     --HOLE--

__llvm_prf_cnts 
*          0    20000000    00000000     UNINITIALIZED

MODULE SUMMARY

       Module                        code   ro data   rw data
       ------                        ----   -------   -------
    .\
       ECE353.obj                    1184   0         0      
       system_msp432p401r.obj        820    0         8      
       interrupts.obj                288    0         32     
       startup_msp432p401r_ccs.obj   14     228       0      
       main.obj                      164    0         0      
    +--+-----------------------------+------+---------+---------+
       Total:                        2470   228       40     
                                                             
    C:\ProgramData\App-V\883E8076-D99D-4911-93C4-940332A6BE1F\BFE39798-EFFD-4CAF-929B-E5A85FC35347\Root\ccs\tools\compiler\ti-cgt-arm_20.2.4.LTS\lib\rtsv7M4_T_le_v4SPD16_eabi.lib
       memcpy_t2.asm.obj             156    0         0      
       copy_decompress_lzss.c.obj    104    0         0      
       autoinit.c.obj                68     0         0      
       boot_cortex_m.c.obj           52     0         0      
       copy_decompress_none.c.obj    14     0         0      
       exit.c.obj                    4      0         0      
       pre_init.c.obj                4      0         0      
    +--+-----------------------------+------+---------+---------+
       Total:                        402    0         0      
                                                             
       Stack:                        0      0         1024   
       Linker Generated:             0      32        0      
    +--+-----------------------------+------+---------+---------+
       Grand Total:                  2872   260       1064   


LINKER GENERATED COPY TABLES

__TI_cinit_table @ 00000c38 records: 1, size/record: 8, table size: 8
	.data: load addr=00000c20, load size=00000010 bytes, run addr=20000000, run size=00000014 bytes, compression=lzss


LINKER GENERATED HANDLER TABLE

__TI_handler_table @ 00000c30 records: 2, size/record: 4, table size: 8
	index: 0, handler: __TI_decompress_lzss
	index: 1, handler: __TI_decompress_none


GLOBAL SYMBOLS: SORTED ALPHABETICALLY BY Name 

address   name                          
-------   ----                          
0000098b  ADC14_IRQHandler              
0000098b  ADC14_IRQHandler              
00000c13  AES256_IRQHandler             
20000008  ALERT_BUTTON_PRESSES          
00000c13  BusFault_Handler              
00000c19  C$$EXIT                       
00000c13  COMP_E0_IRQHandler            
00000c13  COMP_E1_IRQHandler            
00000c13  CS_IRQHandler                 
00000c13  DMA_ERR_IRQHandler            
00000c13  DMA_INT0_IRQHandler           
00000c13  DMA_INT1_IRQHandler           
00000c13  DMA_INT2_IRQHandler           
00000c13  DMA_INT3_IRQHandler           
00000c13  DebugMon_Handler              
00000c13  Default_Handler               
00000c13  EUSCIA0_IRQHandler            
00000c13  EUSCIA1_IRQHandler            
00000c13  EUSCIA2_IRQHandler            
00000c13  EUSCIA3_IRQHandler            
00000c13  EUSCIB0_IRQHandler            
00000c13  EUSCIB1_IRQHandler            
00000c13  EUSCIB2_IRQHandler            
00000c13  EUSCIB3_IRQHandler            
00000c13  FLCTL_IRQHandler              
00000c13  FPU_IRQHandler                
00000c13  HardFault_Handler             
00000c13  MemManage_Handler             
00000c13  NMI_Handler                   
00000c13  PCM_IRQHandler                
00000c13  PORT1_IRQHandler              
00000c13  PORT2_IRQHandler              
00000c13  PORT3_IRQHandler              
00000c13  PORT4_IRQHandler              
00000955  PORT5_IRQHandler              
00000955  PORT5_IRQHandler              
00000c13  PORT6_IRQHandler              
20000000  PS2_X_DIR                     
20000004  PS2_Y_DIR                     
00000c13  PSS_IRQHandler                
00000c13  PendSV_Handler                
00000c13  RTC_C_IRQHandler              
00000c07  Reset_Handler                 
00000c13  SVC_Handler                   
00000c13  SysTick_Handler               
20000010  SystemCoreClock               
00000585  SystemCoreClockUpdate         
000007fd  SystemInit                    
00000979  T32_INT1_IRQHandler           
00000979  T32_INT1_IRQHandler           
00000c13  T32_INT2_IRQHandler           
00000c13  T32_INTC_IRQHandler           
00000c13  TA0_0_IRQHandler              
00000c13  TA0_N_IRQHandler              
00000c13  TA1_0_IRQHandler              
00000c13  TA1_N_IRQHandler              
00000c13  TA2_0_IRQHandler              
00000c13  TA2_N_IRQHandler              
00000c13  TA3_0_IRQHandler              
00000c13  TA3_N_IRQHandler              
00000c13  UsageFault_Handler            
4000480c  WDTCTL_SYM                    
00000c13  WDT_A_IRQHandler              
20010000  __STACK_END                   
00000200  __STACK_SIZE                  
00000c38  __TI_CINIT_Base               
00000c40  __TI_CINIT_Limit              
00000c30  __TI_Handler_Table_Base       
00000c38  __TI_Handler_Table_Limit      
00000b81  __TI_auto_init_nobinit_nopinit
00000b19  __TI_decompress_lzss          
00000bf9  __TI_decompress_none          
ffffffff  __TI_pprof_out_hndl           
ffffffff  __TI_prof_data_size           
ffffffff  __TI_prof_data_start          
00000000  __TI_static_base__            
00000a7d  __aeabi_memcpy                
00000a7d  __aeabi_memcpy4               
00000a7d  __aeabi_memcpy8               
ffffffff  __binit__                     
ffffffff  __c_args__                    
UNDEFED   __mpu_init                    
2000fe00  __stack                       
20000000  __start___llvm_prf_cnts       
20000000  __stop___llvm_prf_cnts        
00000bc5  _c_int00_noargs               
UNDEFED   _system_post_cinit            
00000c15  _system_pre_init              
00000c19  abort                         
ffffffff  binit                         
00000403  ece353_ADC14_PS2_XY           
000002bb  ece353_MKII_RGB_IO_Init       
00000475  ece353_MKII_RGB_LED           
00000327  ece353_MKII_RGB_PWM           
000004e5  ece353_T32_1_Interrupt_Ms     
00000269  ece353_T32_1_wait_100mS       
0000016f  ece353_button1                
00000127  ece353_button1_init           
00000291  ece353_button1_wait_for_press 
0000024f  ece353_button2                
0000022f  ece353_button2_init           
00000147  ece353_led1                   
00000111  ece353_led1_init              
000001c7  ece353_rgb                    
00000189  ece353_rgb_init               
00000923  ice05_init_s1                 
00000000  interruptVectors              
000009d9  main                          
00000a7d  memcpy                        


GLOBAL SYMBOLS: SORTED BY Symbol Address 

address   name                          
-------   ----                          
00000000  __TI_static_base__            
00000000  interruptVectors              
00000111  ece353_led1_init              
00000127  ece353_button1_init           
00000147  ece353_led1                   
0000016f  ece353_button1                
00000189  ece353_rgb_init               
000001c7  ece353_rgb                    
00000200  __STACK_SIZE                  
0000022f  ece353_button2_init           
0000024f  ece353_button2                
00000269  ece353_T32_1_wait_100mS       
00000291  ece353_button1_wait_for_press 
000002bb  ece353_MKII_RGB_IO_Init       
00000327  ece353_MKII_RGB_PWM           
00000403  ece353_ADC14_PS2_XY           
00000475  ece353_MKII_RGB_LED           
000004e5  ece353_T32_1_Interrupt_Ms     
00000585  SystemCoreClockUpdate         
000007fd  SystemInit                    
00000923  ice05_init_s1                 
00000955  PORT5_IRQHandler              
00000955  PORT5_IRQHandler              
00000979  T32_INT1_IRQHandler           
00000979  T32_INT1_IRQHandler           
0000098b  ADC14_IRQHandler              
0000098b  ADC14_IRQHandler              
000009d9  main                          
00000a7d  __aeabi_memcpy                
00000a7d  __aeabi_memcpy4               
00000a7d  __aeabi_memcpy8               
00000a7d  memcpy                        
00000b19  __TI_decompress_lzss          
00000b81  __TI_auto_init_nobinit_nopinit
00000bc5  _c_int00_noargs               
00000bf9  __TI_decompress_none          
00000c07  Reset_Handler                 
00000c13  AES256_IRQHandler             
00000c13  BusFault_Handler              
00000c13  COMP_E0_IRQHandler            
00000c13  COMP_E1_IRQHandler            
00000c13  CS_IRQHandler                 
00000c13  DMA_ERR_IRQHandler            
00000c13  DMA_INT0_IRQHandler           
00000c13  DMA_INT1_IRQHandler           
00000c13  DMA_INT2_IRQHandler           
00000c13  DMA_INT3_IRQHandler           
00000c13  DebugMon_Handler              
00000c13  Default_Handler               
00000c13  EUSCIA0_IRQHandler            
00000c13  EUSCIA1_IRQHandler            
00000c13  EUSCIA2_IRQHandler            
00000c13  EUSCIA3_IRQHandler            
00000c13  EUSCIB0_IRQHandler            
00000c13  EUSCIB1_IRQHandler            
00000c13  EUSCIB2_IRQHandler            
00000c13  EUSCIB3_IRQHandler            
00000c13  FLCTL_IRQHandler              
00000c13  FPU_IRQHandler                
00000c13  HardFault_Handler             
00000c13  MemManage_Handler             
00000c13  NMI_Handler                   
00000c13  PCM_IRQHandler                
00000c13  PORT1_IRQHandler              
00000c13  PORT2_IRQHandler              
00000c13  PORT3_IRQHandler              
00000c13  PORT4_IRQHandler              
00000c13  PORT6_IRQHandler              
00000c13  PSS_IRQHandler                
00000c13  PendSV_Handler                
00000c13  RTC_C_IRQHandler              
00000c13  SVC_Handler                   
00000c13  SysTick_Handler               
00000c13  T32_INT2_IRQHandler           
00000c13  T32_INTC_IRQHandler           
00000c13  TA0_0_IRQHandler              
00000c13  TA0_N_IRQHandler              
00000c13  TA1_0_IRQHandler              
00000c13  TA1_N_IRQHandler              
00000c13  TA2_0_IRQHandler              
00000c13  TA2_N_IRQHandler              
00000c13  TA3_0_IRQHandler              
00000c13  TA3_N_IRQHandler              
00000c13  UsageFault_Handler            
00000c13  WDT_A_IRQHandler              
00000c15  _system_pre_init              
00000c19  C$$EXIT                       
00000c19  abort                         
00000c30  __TI_Handler_Table_Base       
00000c38  __TI_CINIT_Base               
00000c38  __TI_Handler_Table_Limit      
00000c40  __TI_CINIT_Limit              
20000000  PS2_X_DIR                     
20000000  __start___llvm_prf_cnts       
20000000  __stop___llvm_prf_cnts        
20000004  PS2_Y_DIR                     
20000008  ALERT_BUTTON_PRESSES          
20000010  SystemCoreClock               
2000fe00  __stack                       
20010000  __STACK_END                   
4000480c  WDTCTL_SYM                    
ffffffff  __TI_pprof_out_hndl           
ffffffff  __TI_prof_data_size           
ffffffff  __TI_prof_data_start          
ffffffff  __binit__                     
ffffffff  __c_args__                    
ffffffff  binit                         
UNDEFED   __mpu_init                    
UNDEFED   _system_post_cinit            

[109 symbols]
