******************************************************************************
                  TI ARM Linker PC v20.2.4                     
******************************************************************************
>> Linked Wed Feb 22 08:41:10 2023

OUTPUT FILE NAME:   <07-ice-ADC14-comp.out>
ENTRY POINT SYMBOL: "_c_int00_noargs"  address: 00000cb5


MEMORY CONFIGURATION

         name            origin    length      used     unused   attr    fill
----------------------  --------  ---------  --------  --------  ----  --------
  MAIN                  00000000   00040000  00000d2c  0003f2d4  R  X
  INFO                  00200000   00004000  00000000  00004000  R  X
  SRAM_CODE             01000000   00010000  0000020c  0000fdf4  RW X
  SRAM_DATA             20000000   00010000  0000020c  0000fdf4  RW  


SEGMENT ALLOCATION MAP

run origin  load origin   length   init length attrs members
----------  ----------- ---------- ----------- ----- -------
00000000    00000000    00000d30   00000d30    r-x
  00000000    00000000    000000e4   000000e4    r-- .intvecs
  000000e4    000000e4    00000c28   00000c28    r-x .text
  00000d10    00000d10    00000020   00000020    r-- .cinit
20000000    20000000    0000000c   00000000    rw-
  20000000    20000000    0000000c   00000000    rw- .data
2000fe00    2000fe00    00000200   00000000    rw-
  2000fe00    2000fe00    00000200   00000000    rw- .stack


SECTION ALLOCATION MAP

 output                                  attributes/
section   page    origin      length       input sections
--------  ----  ----------  ----------   ----------------
.intvecs   0    00000000    000000e4     
                  00000000    000000e4     startup_msp432p401r_ccs.obj (.intvecs:retain)

.text      0    000000e4    00000c28     
                  000000e4    00000578     ECE353.obj (.text)
                  0000065c    00000334     system_msp432p401r.obj (.text)
                  00000990    00000168     interrupts.obj (.text)
                  00000af8    0000009c     rtsv7M4_T_le_v4SPD16_eabi.lib : memcpy_t2.asm.obj (.text)
                  00000b94    00000074     main.obj (.text)
                  00000c08    00000068     rtsv7M4_T_le_v4SPD16_eabi.lib : copy_decompress_lzss.c.obj (.text:decompress:lzss:__TI_decompress_lzss)
                  00000c70    00000044                                   : autoinit.c.obj (.text:__TI_auto_init_nobinit_nopinit:__TI_auto_init_nobinit_nopinit)
                  00000cb4    00000034                                   : boot_cortex_m.c.obj (.text:_c_int00_noargs:_c_int00_noargs)
                  00000ce8    0000000e                                   : copy_decompress_none.c.obj (.text:decompress:none:__TI_decompress_none)
                  00000cf6    0000000e     startup_msp432p401r_ccs.obj (.text)
                  00000d04    00000004     rtsv7M4_T_le_v4SPD16_eabi.lib : pre_init.c.obj (.text:_system_pre_init)
                  00000d08    00000004                                   : exit.c.obj (.text:abort:abort)

.cinit     0    00000d10    00000020     
                  00000d10    00000010     (.cinit..data.load) [load image, compression = lzss]
                  00000d20    00000008     (__TI_handler_table)
                  00000d28    00000008     (__TI_cinit_table)

.init_array 
*          0    00000000    00000000     UNINITIALIZED

.binit     0    00000000    00000000     

.data      0    20000000    0000000c     UNINITIALIZED
                  20000000    00000008     interrupts.obj (.data)
                  20000008    00000004     system_msp432p401r.obj (.data)

.stack     0    2000fe00    00000200     UNINITIALIZED
                  2000fe00    00000004     rtsv7M4_T_le_v4SPD16_eabi.lib : boot_cortex_m.c.obj (.stack)
                  2000fe04    000001fc     --HOLE--

__llvm_prf_cnts 
*          0    20000000    00000000     UNINITIALIZED

MODULE SUMMARY

       Module                        code   ro data   rw data
       ------                        ----   -------   -------
    .\
       ECE353.obj                    1400   0         0      
       system_msp432p401r.obj        820    0         8      
       interrupts.obj                360    0         16     
       startup_msp432p401r_ccs.obj   14     228       0      
       main.obj                      116    0         0      
    +--+-----------------------------+------+---------+---------+
       Total:                        2710   228       24     
                                                             
    C:\ProgramData\App-V\883E8076-D99D-4911-93C4-940332A6BE1F\BFE39798-EFFD-4CAF-929B-E5A85FC35347\Root\ccs\tools\compiler\ti-cgt-arm_20.2.4.LTS\lib\rtsv7M4_T_le_v4SPD16_eabi.lib
       memcpy_t2.asm.obj             156    0         0      
       copy_decompress_lzss.c.obj    104    0         0      
       autoinit.c.obj                68     0         0      
       boot_cortex_m.c.obj           52     0         0      
       copy_decompress_none.c.obj    14     0         0      
       exit.c.obj                    4      0         0      
       pre_init.c.obj                4      0         0      
    +--+-----------------------------+------+---------+---------+
       Total:                        402    0         0      
                                                             
       Stack:                        0      0         1024   
       Linker Generated:             0      32        0      
    +--+-----------------------------+------+---------+---------+
       Grand Total:                  3112   260       1048   


LINKER GENERATED COPY TABLES

__TI_cinit_table @ 00000d28 records: 1, size/record: 8, table size: 8
	.data: load addr=00000d10, load size=00000010 bytes, run addr=20000000, run size=0000000c bytes, compression=lzss


LINKER GENERATED HANDLER TABLE

__TI_handler_table @ 00000d20 records: 2, size/record: 4, table size: 8
	index: 0, handler: __TI_decompress_lzss
	index: 1, handler: __TI_decompress_none


GLOBAL SYMBOLS: SORTED ALPHABETICALLY BY Name 

address   name                          
-------   ----                          
00000a0d  ADC14_IRQHandler              
00000a0d  ADC14_IRQHandler              
00000d03  AES256_IRQHandler             
20000000  ALERT_PS2_UPDATE              
00000d03  BusFault_Handler              
00000d09  C$$EXIT                       
00000d03  COMP_E0_IRQHandler            
00000d03  COMP_E1_IRQHandler            
00000d03  CS_IRQHandler                 
00000d03  DMA_ERR_IRQHandler            
00000d03  DMA_INT0_IRQHandler           
00000d03  DMA_INT1_IRQHandler           
00000d03  DMA_INT2_IRQHandler           
00000d03  DMA_INT3_IRQHandler           
00000d03  DebugMon_Handler              
00000d03  Default_Handler               
00000d03  EUSCIA0_IRQHandler            
00000d03  EUSCIA1_IRQHandler            
00000d03  EUSCIA2_IRQHandler            
00000d03  EUSCIA3_IRQHandler            
00000d03  EUSCIB0_IRQHandler            
00000d03  EUSCIB1_IRQHandler            
00000d03  EUSCIB2_IRQHandler            
00000d03  EUSCIB3_IRQHandler            
00000d03  FLCTL_IRQHandler              
00000d03  FPU_IRQHandler                
00000d03  HardFault_Handler             
00000d03  MemManage_Handler             
00000d03  NMI_Handler                   
00000d03  PCM_IRQHandler                
00000d03  PORT1_IRQHandler              
00000d03  PORT2_IRQHandler              
00000d03  PORT3_IRQHandler              
00000d03  PORT4_IRQHandler              
00000d03  PORT5_IRQHandler              
00000d03  PORT6_IRQHandler              
20000004  PS2_X_DIR                     
00000d03  PSS_IRQHandler                
00000d03  PendSV_Handler                
00000d03  RTC_C_IRQHandler              
00000cf7  Reset_Handler                 
00000d03  SVC_Handler                   
00000d03  SysTick_Handler               
20000008  SystemCoreClock               
0000065d  SystemCoreClockUpdate         
000008d5  SystemInit                    
000009fb  T32_INT1_IRQHandler           
000009fb  T32_INT1_IRQHandler           
00000d03  T32_INT2_IRQHandler           
00000d03  T32_INTC_IRQHandler           
00000d03  TA0_0_IRQHandler              
00000d03  TA0_N_IRQHandler              
00000d03  TA1_0_IRQHandler              
00000d03  TA1_N_IRQHandler              
00000d03  TA2_0_IRQHandler              
00000d03  TA2_N_IRQHandler              
00000d03  TA3_0_IRQHandler              
00000d03  TA3_N_IRQHandler              
00000d03  UsageFault_Handler            
4000480c  WDTCTL_SYM                    
00000d03  WDT_A_IRQHandler              
20010000  __STACK_END                   
00000200  __STACK_SIZE                  
00000d28  __TI_CINIT_Base               
00000d30  __TI_CINIT_Limit              
00000d20  __TI_Handler_Table_Base       
00000d28  __TI_Handler_Table_Limit      
00000c71  __TI_auto_init_nobinit_nopinit
00000c09  __TI_decompress_lzss          
00000ce9  __TI_decompress_none          
ffffffff  __TI_pprof_out_hndl           
ffffffff  __TI_prof_data_size           
ffffffff  __TI_prof_data_start          
00000000  __TI_static_base__            
00000af9  __aeabi_memcpy                
00000af9  __aeabi_memcpy4               
00000af9  __aeabi_memcpy8               
ffffffff  __binit__                     
ffffffff  __c_args__                    
UNDEFED   __mpu_init                    
2000fe00  __stack                       
20000000  __start___llvm_prf_cnts       
20000000  __stop___llvm_prf_cnts        
00000cb5  _c_int00_noargs               
UNDEFED   _system_post_cinit            
00000d05  _system_pre_init              
00000d09  abort                         
ffffffff  binit                         
00000445  ece353_ADC14_PS2_XY           
00000571  ece353_ADC14_PS2_XY_COMP      
000002f9  ece353_MKII_RGB_IO_Init       
000004b9  ece353_MKII_RGB_LED           
00000365  ece353_MKII_RGB_PWM           
00000205  ece353_RGB_LED                
000001c7  ece353_RGB_LED_Init           
0000052d  ece353_T32_1_Interrupt_Ms     
000002a7  ece353_T32_1_wait_100mS       
000001ad  ece353_button1                
00000165  ece353_button1_init           
000002cf  ece353_button1_wait_for_press 
0000028d  ece353_button2                
0000026d  ece353_button2_init           
00000185  ece353_led1                   
0000014f  ece353_led1_init              
00000a8f  ice05_init_s1                 
00000000  interruptVectors              
00000b95  main                          
00000af9  memcpy                        


GLOBAL SYMBOLS: SORTED BY Symbol Address 

address   name                          
-------   ----                          
00000000  __TI_static_base__            
00000000  interruptVectors              
0000014f  ece353_led1_init              
00000165  ece353_button1_init           
00000185  ece353_led1                   
000001ad  ece353_button1                
000001c7  ece353_RGB_LED_Init           
00000200  __STACK_SIZE                  
00000205  ece353_RGB_LED                
0000026d  ece353_button2_init           
0000028d  ece353_button2                
000002a7  ece353_T32_1_wait_100mS       
000002cf  ece353_button1_wait_for_press 
000002f9  ece353_MKII_RGB_IO_Init       
00000365  ece353_MKII_RGB_PWM           
00000445  ece353_ADC14_PS2_XY           
000004b9  ece353_MKII_RGB_LED           
0000052d  ece353_T32_1_Interrupt_Ms     
00000571  ece353_ADC14_PS2_XY_COMP      
0000065d  SystemCoreClockUpdate         
000008d5  SystemInit                    
000009fb  T32_INT1_IRQHandler           
000009fb  T32_INT1_IRQHandler           
00000a0d  ADC14_IRQHandler              
00000a0d  ADC14_IRQHandler              
00000a8f  ice05_init_s1                 
00000af9  __aeabi_memcpy                
00000af9  __aeabi_memcpy4               
00000af9  __aeabi_memcpy8               
00000af9  memcpy                        
00000b95  main                          
00000c09  __TI_decompress_lzss          
00000c71  __TI_auto_init_nobinit_nopinit
00000cb5  _c_int00_noargs               
00000ce9  __TI_decompress_none          
00000cf7  Reset_Handler                 
00000d03  AES256_IRQHandler             
00000d03  BusFault_Handler              
00000d03  COMP_E0_IRQHandler            
00000d03  COMP_E1_IRQHandler            
00000d03  CS_IRQHandler                 
00000d03  DMA_ERR_IRQHandler            
00000d03  DMA_INT0_IRQHandler           
00000d03  DMA_INT1_IRQHandler           
00000d03  DMA_INT2_IRQHandler           
00000d03  DMA_INT3_IRQHandler           
00000d03  DebugMon_Handler              
00000d03  Default_Handler               
00000d03  EUSCIA0_IRQHandler            
00000d03  EUSCIA1_IRQHandler            
00000d03  EUSCIA2_IRQHandler            
00000d03  EUSCIA3_IRQHandler            
00000d03  EUSCIB0_IRQHandler            
00000d03  EUSCIB1_IRQHandler            
00000d03  EUSCIB2_IRQHandler            
00000d03  EUSCIB3_IRQHandler            
00000d03  FLCTL_IRQHandler              
00000d03  FPU_IRQHandler                
00000d03  HardFault_Handler             
00000d03  MemManage_Handler             
00000d03  NMI_Handler                   
00000d03  PCM_IRQHandler                
00000d03  PORT1_IRQHandler              
00000d03  PORT2_IRQHandler              
00000d03  PORT3_IRQHandler              
00000d03  PORT4_IRQHandler              
00000d03  PORT5_IRQHandler              
00000d03  PORT6_IRQHandler              
00000d03  PSS_IRQHandler                
00000d03  PendSV_Handler                
00000d03  RTC_C_IRQHandler              
00000d03  SVC_Handler                   
00000d03  SysTick_Handler               
00000d03  T32_INT2_IRQHandler           
00000d03  T32_INTC_IRQHandler           
00000d03  TA0_0_IRQHandler              
00000d03  TA0_N_IRQHandler              
00000d03  TA1_0_IRQHandler              
00000d03  TA1_N_IRQHandler              
00000d03  TA2_0_IRQHandler              
00000d03  TA2_N_IRQHandler              
00000d03  TA3_0_IRQHandler              
00000d03  TA3_N_IRQHandler              
00000d03  UsageFault_Handler            
00000d03  WDT_A_IRQHandler              
00000d05  _system_pre_init              
00000d09  C$$EXIT                       
00000d09  abort                         
00000d20  __TI_Handler_Table_Base       
00000d28  __TI_CINIT_Base               
00000d28  __TI_Handler_Table_Limit      
00000d30  __TI_CINIT_Limit              
20000000  ALERT_PS2_UPDATE              
20000000  __start___llvm_prf_cnts       
20000000  __stop___llvm_prf_cnts        
20000004  PS2_X_DIR                     
20000008  SystemCoreClock               
2000fe00  __stack                       
20010000  __STACK_END                   
4000480c  WDTCTL_SYM                    
ffffffff  __TI_pprof_out_hndl           
ffffffff  __TI_prof_data_size           
ffffffff  __TI_prof_data_start          
ffffffff  __binit__                     
ffffffff  __c_args__                    
ffffffff  binit                         
UNDEFED   __mpu_init                    
UNDEFED   _system_post_cinit            

[108 symbols]
